Archive member included because of file (symbol)

c:/siliconlabs/simplicitystudio/v2/developer/toolchains/gnu_arm/4.7_2013q1/bin/../lib/gcc/arm-none-eabi/4.7.3/armv6-m\libgcc.a(_thumb1_case_uqi.o)
                              ./emlib/em_cmu.o (__gnu_thumb1_case_uqi)
c:/siliconlabs/simplicitystudio/v2/developer/toolchains/gnu_arm/4.7_2013q1/bin/../lib/gcc/arm-none-eabi/4.7.3/armv6-m\libgcc.a(_udivsi3.o)
                              ./emlib/em_i2c.o (__aeabi_uidiv)
c:/siliconlabs/simplicitystudio/v2/developer/toolchains/gnu_arm/4.7_2013q1/bin/../lib/gcc/arm-none-eabi/4.7.3/armv6-m\libgcc.a(_divsi3.o)
                              ./Graphics/glib_line.o (__aeabi_idiv)
c:/siliconlabs/simplicitystudio/v2/developer/toolchains/gnu_arm/4.7_2013q1/bin/../lib/gcc/arm-none-eabi/4.7.3/armv6-m\libgcc.a(_dvmd_tls.o)
                              c:/siliconlabs/simplicitystudio/v2/developer/toolchains/gnu_arm/4.7_2013q1/bin/../lib/gcc/arm-none-eabi/4.7.3/armv6-m\libgcc.a(_udivsi3.o) (__aeabi_idiv0)
c:/siliconlabs/simplicitystudio/v2/developer/toolchains/gnu_arm/4.7_2013q1/bin/../lib/gcc/arm-none-eabi/4.7.3/../../../../arm-none-eabi/lib/armv6-m\libc_s.a(lib_a-__atexit2.o)
                              c:/siliconlabs/simplicitystudio/v2/developer/toolchains/gnu_arm/4.7_2013q1/bin/../lib/gcc/arm-none-eabi/4.7.3/../../../../arm-none-eabi/lib/armv6-m/crt0.o (__register_exitproc)
c:/siliconlabs/simplicitystudio/v2/developer/toolchains/gnu_arm/4.7_2013q1/bin/../lib/gcc/arm-none-eabi/4.7.3/../../../../arm-none-eabi/lib/armv6-m\libc_s.a(lib_a-ctype_.o)
                              ./Drivers/textdisplay.o (__ctype_ptr__)
c:/siliconlabs/simplicitystudio/v2/developer/toolchains/gnu_arm/4.7_2013q1/bin/../lib/gcc/arm-none-eabi/4.7.3/../../../../arm-none-eabi/lib/armv6-m\libc_s.a(lib_a-exit.o)
                              c:/siliconlabs/simplicitystudio/v2/developer/toolchains/gnu_arm/4.7_2013q1/bin/../lib/gcc/arm-none-eabi/4.7.3/../../../../arm-none-eabi/lib/armv6-m/crt0.o (exit)
c:/siliconlabs/simplicitystudio/v2/developer/toolchains/gnu_arm/4.7_2013q1/bin/../lib/gcc/arm-none-eabi/4.7.3/../../../../arm-none-eabi/lib/armv6-m\libc_s.a(lib_a-fileno.o)
                              ./Drivers/retargetio.o (fileno)
c:/siliconlabs/simplicitystudio/v2/developer/toolchains/gnu_arm/4.7_2013q1/bin/../lib/gcc/arm-none-eabi/4.7.3/../../../../arm-none-eabi/lib/armv6-m\libc_s.a(lib_a-findfp.o)
                              c:/siliconlabs/simplicitystudio/v2/developer/toolchains/gnu_arm/4.7_2013q1/bin/../lib/gcc/arm-none-eabi/4.7.3/../../../../arm-none-eabi/lib/armv6-m\libc_s.a(lib_a-fileno.o) (__sinit)
c:/siliconlabs/simplicitystudio/v2/developer/toolchains/gnu_arm/4.7_2013q1/bin/../lib/gcc/arm-none-eabi/4.7.3/../../../../arm-none-eabi/lib/armv6-m\libc_s.a(lib_a-fini.o)
                              c:/siliconlabs/simplicitystudio/v2/developer/toolchains/gnu_arm/4.7_2013q1/bin/../lib/gcc/arm-none-eabi/4.7.3/../../../../arm-none-eabi/lib/armv6-m/crt0.o (__libc_fini_array)
c:/siliconlabs/simplicitystudio/v2/developer/toolchains/gnu_arm/4.7_2013q1/bin/../lib/gcc/arm-none-eabi/4.7.3/../../../../arm-none-eabi/lib/armv6-m\libc_s.a(lib_a-fwalk.o)
                              c:/siliconlabs/simplicitystudio/v2/developer/toolchains/gnu_arm/4.7_2013q1/bin/../lib/gcc/arm-none-eabi/4.7.3/../../../../arm-none-eabi/lib/armv6-m\libc_s.a(lib_a-findfp.o) (_fwalk)
c:/siliconlabs/simplicitystudio/v2/developer/toolchains/gnu_arm/4.7_2013q1/bin/../lib/gcc/arm-none-eabi/4.7.3/../../../../arm-none-eabi/lib/armv6-m\libc_s.a(lib_a-impure.o)
                              c:/siliconlabs/simplicitystudio/v2/developer/toolchains/gnu_arm/4.7_2013q1/bin/../lib/gcc/arm-none-eabi/4.7.3/../../../../arm-none-eabi/lib/armv6-m\libc_s.a(lib_a-exit.o) (_global_impure_ptr)
c:/siliconlabs/simplicitystudio/v2/developer/toolchains/gnu_arm/4.7_2013q1/bin/../lib/gcc/arm-none-eabi/4.7.3/../../../../arm-none-eabi/lib/armv6-m\libc_s.a(lib_a-init.o)
                              c:/siliconlabs/simplicitystudio/v2/developer/toolchains/gnu_arm/4.7_2013q1/bin/../lib/gcc/arm-none-eabi/4.7.3/../../../../arm-none-eabi/lib/armv6-m/crt0.o (__libc_init_array)
c:/siliconlabs/simplicitystudio/v2/developer/toolchains/gnu_arm/4.7_2013q1/bin/../lib/gcc/arm-none-eabi/4.7.3/../../../../arm-none-eabi/lib/armv6-m\libc_s.a(lib_a-lcltime.o)
                              ./src/main.o (localtime)
c:/siliconlabs/simplicitystudio/v2/developer/toolchains/gnu_arm/4.7_2013q1/bin/../lib/gcc/arm-none-eabi/4.7.3/../../../../arm-none-eabi/lib/armv6-m\libc_s.a(lib_a-lcltime_r.o)
                              c:/siliconlabs/simplicitystudio/v2/developer/toolchains/gnu_arm/4.7_2013q1/bin/../lib/gcc/arm-none-eabi/4.7.3/../../../../arm-none-eabi/lib/armv6-m\libc_s.a(lib_a-lcltime.o) (localtime_r)
c:/siliconlabs/simplicitystudio/v2/developer/toolchains/gnu_arm/4.7_2013q1/bin/../lib/gcc/arm-none-eabi/4.7.3/../../../../arm-none-eabi/lib/armv6-m\libc_s.a(lib_a-malloc.o)
[...]
Memory Configuration

Name             Origin             Length             Attributes
FLASH            0x00000000         0x00008000         xr
RAM              0x20000000         0x00001000         xrw
*default*        0x00000000         0xffffffff

Linker script and memory map

LOAD c:/siliconlabs/simplicitystudio/v2/developer/toolchains/gnu_arm/4.7_2013q1/bin/../lib/gcc/arm-none-eabi/4.7.3/armv6-m/crti.o
LOAD c:/siliconlabs/simplicitystudio/v2/developer/toolchains/gnu_arm/4.7_2013q1/bin/../lib/gcc/arm-none-eabi/4.7.3/armv6-m/crtbegin.o
LOAD c:/siliconlabs/simplicitystudio/v2/developer/toolchains/gnu_arm/4.7_2013q1/bin/../lib/gcc/arm-none-eabi/4.7.3/../../../../arm-none-eabi/lib/armv6-m/crt0.o
LOAD ./src/main.o
LOAD ./emlib/em_assert.o
LOAD ./emlib/em_cmu.o
LOAD ./emlib/em_emu.o
LOAD ./emlib/em_gpio.o
LOAD ./emlib/em_i2c.o
LOAD ./emlib/em_int.o
LOAD ./emlib/em_pcnt.o
LOAD ./emlib/em_prs.o
LOAD ./emlib/em_rtc.o
LOAD ./emlib/em_system.o
LOAD ./emlib/em_usart.o
LOAD ./Graphics/dmd_display.o
LOAD ./Graphics/glib.o
LOAD ./Graphics/glib_bitmap.o
LOAD ./Graphics/glib_circle.o
LOAD ./Graphics/glib_font_narrow_6x8.o
LOAD ./Graphics/glib_font_number_16x20.o
LOAD ./Graphics/glib_line.o
LOAD ./Graphics/glib_rectangle.o
LOAD ./Graphics/glib_string.o
LOAD ./Drivers/display.o
LOAD ./Drivers/displayls013b7dh03.o
LOAD ./Drivers/displaypalemlib.o
LOAD ./Drivers/i2cdrv.o
LOAD ./Drivers/retargetio.o
LOAD ./Drivers/retargettextdisplay.o
LOAD ./Drivers/si1147_i2c.o
LOAD ./Drivers/si114x_algorithm.o
LOAD ./Drivers/si114x_functions.o
LOAD ./Drivers/textdisplay.o
LOAD ./Drivers/udelay.o
LOAD ./CMSIS/efm32zg/startup_efm32zg.o
LOAD ./CMSIS/efm32zg/system_efm32zg.o
LOAD c:/siliconlabs/simplicitystudio/v2/developer/toolchains/gnu_arm/4.7_2013q1/bin/../lib/gcc/arm-none-eabi/4.7.3/../../../../arm-none-eabi/lib/armv6-m\libm.a
START GROUP
LOAD c:/siliconlabs/simplicitystudio/v2/developer/toolchains/gnu_arm/4.7_2013q1/bin/../lib/gcc/arm-none-eabi/4.7.3/armv6-m\libgcc.a
LOAD c:/siliconlabs/simplicitystudio/v2/developer/toolchains/gnu_arm/4.7_2013q1/bin/../lib/gcc/arm-none-eabi/4.7.3/../../../../arm-none-eabi/lib/armv6-m\libc_s.a
LOAD c:/siliconlabs/simplicitystudio/v2/developer/toolchains/gnu_arm/4.7_2013q1/bin/../lib/gcc/arm-none-eabi/4.7.3/../../../../arm-none-eabi/lib/armv6-m\libnosys.a
END GROUP
START GROUP
LOAD c:/siliconlabs/simplicitystudio/v2/developer/toolchains/gnu_arm/4.7_2013q1/bin/../lib/gcc/arm-none-eabi/4.7.3/armv6-m\libgcc.a
LOAD c:/siliconlabs/simplicitystudio/v2/developer/toolchains/gnu_arm/4.7_2013q1/bin/../lib/gcc/arm-none-eabi/4.7.3/../../../../arm-none-eabi/lib/armv6-m\libc_s.a
END GROUP
LOAD c:/siliconlabs/simplicitystudio/v2/developer/toolchains/gnu_arm/4.7_2013q1/bin/../lib/gcc/arm-none-eabi/4.7.3/armv6-m/crtend.o
LOAD c:/siliconlabs/simplicitystudio/v2/developer/toolchains/gnu_arm/4.7_2013q1/bin/../lib/gcc/arm-none-eabi/4.7.3/armv6-m/crtn.o

.text           0x00000000     0x4088
 *(.isr_vector)
 .isr_vector    0x00000000      0x100 ./CMSIS/efm32zg/startup_efm32zg.o
                0x00000000                __isr_vector
 *(.text*)
 .text          0x00000100       0x60 c:/siliconlabs/simplicitystudio/v2/developer/toolchains/gnu_arm/4.7_2013q1/bin/../lib/gcc/arm-none-eabi/4.7.3/armv6-m/crtbegin.o
 .text          0x00000160       0x74 c:/siliconlabs/simplicitystudio/v2/developer/toolchains/gnu_arm/4.7_2013q1/bin/../lib/gcc/arm-none-eabi/4.7.3/../../../../arm-none-eabi/lib/armv6-m/crt0.o
                0x00000160                _start
                0x00000160                start
                0x00000160                _mainCRTStartup
 .text.digitalClockUpdate
                0x000001d4       0x64 ./src/main.o
                0x000001d4                digitalClockUpdate
 .text.GPIO_EVEN_IRQHandler
                0x00000238       0x28 ./src/main.o
                0x00000238                GPIO_EVEN_IRQHandler
 .text.GPIO_ODD_IRQHandler
                0x00000260       0x2c ./src/main.o
                0x00000260                GPIO_ODD_IRQHandler
 .text.pcntInit
                0x0000028c       0x64 ./src/main.o
                0x0000028c                pcntInit
 .text.PCNT0_IRQHandler
                0x000002f0       0x3c ./src/main.o
                0x000002f0                PCNT0_IRQHandler
 .text.fastForwardTime
                0x0000032c       0x7c ./src/main.o
                0x0000032c                fastForwardTime
 .text.digitalClockShow
                0x000003a8       0x3c ./src/main.o
                0x000003a8                digitalClockShow
 .text.initsi114x
                0x000003e4       0x2c ./src/main.o
                0x000003e4                initsi114x
 .text.startup.main
                0x00000410      0x100 ./src/main.o
                0x00000410                main
 .text.CMU_FlashWaitStateMax
                0x00000510       0x20 ./emlib/em_cmu.o
 .text.CMU_FlashWaitStateControl
                0x00000530       0x38 ./emlib/em_cmu.o
 .text.CMU_AUXClkGet
                0x00000568       0x60 ./emlib/em_cmu.o
 .text.CMU_Sync
                0x000005c8       0x18 ./emlib/em_cmu.o
 .text.CMU_LFClkGet
                0x000005e0       0x48 ./emlib/em_cmu.o
 .text.CMU_ClockDivGet
                0x00000628       0x5c ./emlib/em_cmu.o
                0x00000628                CMU_ClockDivGet
 .text.CMU_ClockDivSet
                0x00000684       0xd0 ./emlib/em_cmu.o
                0x00000684                CMU_ClockDivSet
 .text.CMU_ClockEnable
                0x00000754       0x74 ./emlib/em_cmu.o
                0x00000754                CMU_ClockEnable
 .text.CMU_ClockSelectGet
                0x000007c8       0x98 ./emlib/em_cmu.o
                0x000007c8                CMU_ClockSelectGet
 .text.CMU_ClockFreqGet
                0x00000860       0xbc ./emlib/em_cmu.o
                0x00000860                CMU_ClockFreqGet
 .text.CMU_HFRCOBandSet
                0x0000091c       0x64 ./emlib/em_cmu.o
                0x0000091c                CMU_HFRCOBandSet
 .text.CMU_OscillatorEnable
                0x00000980       0x50 ./emlib/em_cmu.o
                0x00000980                CMU_OscillatorEnable
 .text.CMU_ClockSelectSet
                0x000009d0       0xdc ./emlib/em_cmu.o
                0x000009d0                CMU_ClockSelectSet
 .text.CMU_PCNTClockExternalSet
                0x00000aac       0x20 ./emlib/em_cmu.o
                0x00000aac                CMU_PCNTClockExternalSet
 .text.EMU_Restore
                0x00000acc       0x80 ./emlib/em_emu.o
 .text.EMU_EnterEM2
                0x00000b4c       0x38 ./emlib/em_emu.o
                0x00000b4c                EMU_EnterEM2
 .text.EMU_UpdateOscConfig
                0x00000b84       0x14 ./emlib/em_emu.o
                0x00000b84                EMU_UpdateOscConfig
 .text.GPIO_IntConfig
                0x00000b98       0x88 ./emlib/em_gpio.o
                0x00000b98                GPIO_IntConfig
 .text.GPIO_PinModeSet
                0x00000c20       0x8c ./emlib/em_gpio.o
                0x00000c20                GPIO_PinModeSet
 .text.I2C_BusFreqSet
                0x00000cac       0x54 ./emlib/em_i2c.o
                0x00000cac                I2C_BusFreqSet
 .text.I2C_Init
                0x00000d00       0x3c ./emlib/em_i2c.o
                0x00000d00                I2C_Init
 .text.I2C_Transfer
                0x00000d3c      0x230 ./emlib/em_i2c.o
                0x00000d3c                I2C_Transfer
 .text.I2C_TransferInit
                0x00000f6c       0x6c ./emlib/em_i2c.o
                0x00000f6c                I2C_TransferInit
 .text.PCNT_Sync
                0x00000fd8       0x10 ./emlib/em_pcnt.o
 .text.PCNT_CounterTopSet
                0x00000fe8       0x72 ./emlib/em_pcnt.o
                0x00000fe8                PCNT_CounterTopSet
 *fill*         0x0000105a        0x2 00
 .text.PCNT_PRSInputEnable
                0x0000105c       0x28 ./emlib/em_pcnt.o
                0x0000105c                PCNT_PRSInputEnable
 .text.PCNT_Init
                0x00001084       0xf0 ./emlib/em_pcnt.o
                0x00001084                PCNT_Init
 .text.PRS_SourceAsyncSignalSet
                0x00001174       0x20 ./emlib/em_prs.o
                0x00001174                PRS_SourceAsyncSignalSet
 .text.RTC_CompareSet
                0x00001194       0x1c ./emlib/em_rtc.o
                0x00001194                RTC_CompareSet
 .text.RTC_Enable
                0x000011b0       0x14 ./emlib/em_rtc.o
                0x000011b0                RTC_Enable
 .text.RTC_FreezeEnable
                0x000011c4       0x18 ./emlib/em_rtc.o
                0x000011c4                RTC_FreezeEnable
 .text.RTC_Init
                0x000011dc       0x24 ./emlib/em_rtc.o
                0x000011dc                RTC_Init
 .text.USART_BaudrateSyncSet
                0x00001200       0x30 ./emlib/em_usart.o
                0x00001200                USART_BaudrateSyncSet
 .text.USART_Reset
                0x00001230       0x40 ./emlib/em_usart.o
                0x00001230                USART_Reset
 .text.USART_InitSync
                0x00001270       0x5c ./emlib/em_usart.o
                0x00001270                USART_InitSync
 .text.USART_Tx
                0x000012cc        0xc ./emlib/em_usart.o
                0x000012cc                USART_Tx
 .text.USART_TxDouble
                0x000012d8        0xc ./emlib/em_usart.o
                0x000012d8                USART_TxDouble
 .text.DMD_getDisplayGeometry
                0x000012e4       0x20 ./Graphics/dmd_display.o
                0x000012e4                DMD_getDisplayGeometry
 .text.DMD_setClippingArea
                0x00001304       0x40 ./Graphics/dmd_display.o
                0x00001304                DMD_setClippingArea
 .text.DMD_writeColor
                0x00001344      0x164 ./Graphics/dmd_display.o
                0x00001344                DMD_writeColor
 .text.DMD_allocateFramebuffer
                0x000014a8       0x38 ./Graphics/dmd_display.o
                0x000014a8                DMD_allocateFramebuffer
 .text.DMD_init
                0x000014e0       0x78 ./Graphics/dmd_display.o
                0x000014e0                DMD_init
 .text.DMD_updateDisplay
                0x00001558       0xa0 ./Graphics/dmd_display.o
                0x00001558                DMD_updateDisplay
 .text.GLIB_setClippingRegion
                0x000015f8       0x7e ./Graphics/glib.o
                0x000015f8                GLIB_setClippingRegion
 *fill*         0x00001676        0x2 00
 .text.GLIB_contextInit
                0x00001678       0x44 ./Graphics/glib.o
                0x00001678                GLIB_contextInit
 .text.GLIB_resetDisplayClippingArea
                0x000016bc       0x1a ./Graphics/glib.o
                0x000016bc                GLIB_resetDisplayClippingArea
 .text.GLIB_clear
                0x000016d6       0x34 ./Graphics/glib.o
                0x000016d6                GLIB_clear
 .text.GLIB_drawPixel
                0x0000170a       0x38 ./Graphics/glib.o
                0x0000170a                GLIB_drawPixel
 .text.GLIB_drawPixelColor
                0x00001742       0x36 ./Graphics/glib.o
                0x00001742                GLIB_drawPixelColor
 .text.GLIB_rectContainsPoint
                0x00001778       0x2a ./Graphics/glib_rectangle.o
                0x00001778                GLIB_rectContainsPoint
 .text.GLIB_drawChar
                0x000017a2      0x128 ./Graphics/glib_string.o
                0x000017a2                GLIB_drawChar
 .text.GLIB_drawString
                0x000018ca       0x86 ./Graphics/glib_string.o
                0x000018ca                GLIB_drawString
 .text.GLIB_setFont
                0x00001950       0x20 ./Graphics/glib_string.o
                0x00001950                GLIB_setFont
 .text.DISPLAY_Init
                0x00001970       0x2c ./Drivers/display.o
                0x00001970                DISPLAY_Init
 .text.DISPLAY_DeviceGet
                0x0000199c       0x3c ./Drivers/display.o
                0x0000199c                DISPLAY_DeviceGet
 .text.DISPLAY_DeviceRegister
                0x000019d8       0x44 ./Drivers/display.o
                0x000019d8                DISPLAY_DeviceRegister
 .text.PixelMatrixAllocate
                0x00001a1c       0x40 ./Drivers/displayls013b7dh03.o
 .text.PixelMatrixFree
                0x00001a5c        0x8 ./Drivers/displayls013b7dh03.o
 .text.PixelMatrixDraw
                0x00001a64       0x76 ./Drivers/displayls013b7dh03.o
 .text.DriverRefresh
                0x00001ada        0xe ./Drivers/displayls013b7dh03.o
 .text.PixelMatrixClear
                0x00001ae8       0x20 ./Drivers/displayls013b7dh03.o
 .text.DisplayEnable.part.0
                0x00001b08       0x14 ./Drivers/displayls013b7dh03.o
 .text.DisplayEnable
                0x00001b1c       0x20 ./Drivers/displayls013b7dh03.o
 .text.DisplayClear
                0x00001b3c       0x30 ./Drivers/displayls013b7dh03.o
                0x00001b3c                DisplayClear
 .text.DISPLAY_Ls013b7dh03Init
                0x00001b6c       0xd0 ./Drivers/displayls013b7dh03.o
                0x00001b6c                DISPLAY_Ls013b7dh03Init
 .text.PAL_SpiInit
                0x00001c3c       0x44 ./Drivers/displaypalemlib.o
                0x00001c3c                PAL_SpiInit
 .text.PAL_SpiTransmit
                0x00001c80       0x40 ./Drivers/displaypalemlib.o
                0x00001c80                PAL_SpiTransmit
 .text.PAL_TimerInit
                0x00001cc0        0xa ./Drivers/displaypalemlib.o
                0x00001cc0                PAL_TimerInit
 .text.PAL_TimerMicroSecondsDelay
                0x00001cca        0xa ./Drivers/displaypalemlib.o
                0x00001cca                PAL_TimerMicroSecondsDelay
 .text.PAL_GpioInit
                0x00001cd4       0x14 ./Drivers/displaypalemlib.o
                0x00001cd4                PAL_GpioInit
 .text.PAL_GpioPinModeSet
                0x00001ce8       0x1c ./Drivers/displaypalemlib.o
                0x00001ce8                PAL_GpioPinModeSet
 .text.PAL_GpioPinOutSet
                0x00001d04       0x1c ./Drivers/displaypalemlib.o
                0x00001d04                PAL_GpioPinOutSet
 .text.PAL_GpioPinOutClear
                0x00001d20       0x1c ./Drivers/displaypalemlib.o
                0x00001d20                PAL_GpioPinOutClear
 .text.PAL_GpioPinAutoToggle
                0x00001d3c       0xc0 ./Drivers/displaypalemlib.o
                0x00001d3c                PAL_GpioPinAutoToggle
 .text.I2CDRV_Init
                0x00001dfc       0x68 ./Drivers/i2cdrv.o
                0x00001dfc                I2CDRV_Init
 .text.I2CDRV_Transfer
                0x00001e64       0x2c ./Drivers/i2cdrv.o
                0x00001e64                I2CDRV_Transfer
 .text._close   0x00001e90        0x4 ./Drivers/retargetio.o
                0x00001e90                _close
 .text._exit    0x00001e94        0x4 ./Drivers/retargetio.o
                0x00001e94                _exit
 .text._lseek   0x00001e98        0x4 ./Drivers/retargetio.o
                0x00001e98                _lseek
 .text._read    0x00001e9c       0x2a ./Drivers/retargetio.o
                0x00001e9c                _read
 .text._write   0x00001ec6       0x1c ./Drivers/retargetio.o
                0x00001ec6                _write
 *fill*         0x00001ee2        0x2 00
 .text._sbrk    0x00001ee4       0x54 ./Drivers/retargetio.o
                0x00001ee4                _sbrk
 .text.RETARGET_ReadChar
                0x00001f38        0x6 ./Drivers/retargettextdisplay.o
                0x00001f38                RETARGET_ReadChar
 *fill*         0x00001f3e        0x2 00
 .text.RETARGET_WriteChar
                0x00001f40       0x20 ./Drivers/retargettextdisplay.o
                0x00001f40                RETARGET_WriteChar
 .text.Si1147_Read_Register
                0x00001f60       0x32 ./Drivers/si1147_i2c.o
                0x00001f60                Si1147_Read_Register
 .text.Si1147_Write_Register
                0x00001f92       0x28 ./Drivers/si1147_i2c.o
                0x00001f92                Si1147_Write_Register
 *fill*         0x00001fba        0x2 00
 .text.Si1147_Detect_Device
                0x00001fbc       0x20 ./Drivers/si114x_algorithm.o
                0x00001fbc                Si1147_Detect_Device
 .text.Si1147_GetInterruptOutputEnable
                0x00001fdc       0x1c ./Drivers/si114x_algorithm.o
                0x00001fdc                Si1147_GetInterruptOutputEnable
 .text.Si1147_MeasureUVAndObjectPresent
                0x00001ff8       0x94 ./Drivers/si114x_algorithm.o
                0x00001ff8                Si1147_MeasureUVAndObjectPresent
 .text.Si114xWriteToRegister
                0x0000208c       0x16 ./Drivers/si114x_functions.o
                0x0000208c                Si114xWriteToRegister
 .text.Si114xReadFromRegister
                0x000020a2       0x18 ./Drivers/si114x_functions.o
                0x000020a2                Si114xReadFromRegister
 .text._sendCmd
                0x000020ba       0x66 ./Drivers/si114x_functions.o
 .text.Si114xPsAlsForce
                0x00002120        0xa ./Drivers/si114x_functions.o
                0x00002120                Si114xPsAlsForce
 .text.TextdisplayClear
                0x0000212a       0x24 ./Drivers/textdisplay.o
 *fill*         0x0000214e        0x2 00
 .text.TextdisplayLineDraw
                0x00002150       0x90 ./Drivers/textdisplay.o
 .text.TextdisplayUpdate
                0x000021e0       0x98 ./Drivers/textdisplay.o
 .text.TextdisplayScrollUp
                0x00002278       0x3c ./Drivers/textdisplay.o
 .text.TextdisplayCharAdd
                0x000022b4       0xcc ./Drivers/textdisplay.o
 .text.TEXTDISPLAY_WriteChar
                0x00002380       0x90 ./Drivers/textdisplay.o
                0x00002380                TEXTDISPLAY_WriteChar
 .text.UDELAY_Calibrate
                0x00002410      0x1c0 ./Drivers/udelay.o
                0x00002410                UDELAY_Calibrate
 .text.UDELAY_Delay
                0x000025d0       0x20 ./Drivers/udelay.o
                0x000025d0                UDELAY_Delay
 .text          0x000025f0       0x60 ./CMSIS/efm32zg/startup_efm32zg.o
                0x000025f0                Reset_Handler
                0x00002620                Default_Handler
                0x00002622                NMI_Handler
                0x00002624                HardFault_Handler
                0x00002626                SVC_Handler
                0x00002628                PendSV_Handler
                0x0000262a                SysTick_Handler
                0x0000262c                DMA_IRQHandler
                0x00002630                TIMER0_IRQHandler
                0x00002632                ACMP0_IRQHandler
                0x00002634                ADC0_IRQHandler
                0x00002636                I2C0_IRQHandler
                0x0000263a                TIMER1_IRQHandler
                0x0000263c                USART1_RX_IRQHandler
                0x0000263e                USART1_TX_IRQHandler
                0x00002640                LEUART0_IRQHandler
                0x00002644                RTC_IRQHandler
                0x00002646                CMU_IRQHandler
                0x00002648                VCMP_IRQHandler
                0x0000264a                MSC_IRQHandler
                0x0000264c                AES_IRQHandler
 .text.SystemHFClockGet
                0x00002650       0x9c ./CMSIS/efm32zg/system_efm32zg.o
                0x00002650                SystemHFClockGet
 .text.SystemCoreClockGet
                0x000026ec       0x20 ./CMSIS/efm32zg/system_efm32zg.o
                0x000026ec                SystemCoreClockGet
 .text.SystemInit
                0x0000270c        0x2 ./CMSIS/efm32zg/system_efm32zg.o
                0x0000270c                SystemInit
 .text.SystemLFRCOClockGet
                0x0000270e        0x6 ./CMSIS/efm32zg/system_efm32zg.o
                0x0000270e                SystemLFRCOClockGet
 .text.SystemULFRCOClockGet
                0x00002714        0x6 ./CMSIS/efm32zg/system_efm32zg.o
                0x00002714                SystemULFRCOClockGet
 *fill*         0x0000271a        0x2 00
 .text.SystemLFXOClockGet
                0x0000271c        0xc ./CMSIS/efm32zg/system_efm32zg.o
                0x0000271c                SystemLFXOClockGet
 .text          0x00002728       0x14 c:/siliconlabs/simplicitystudio/v2/developer/toolchains/gnu_arm/4.7_2013q1/bin/../lib/gcc/arm-none-eabi/4.7.3/armv6-m\libgcc.a(_thumb1_case_uqi.o)
                0x00002728                __gnu_thumb1_case_uqi
 .text          0x0000273c       0x9c c:/siliconlabs/simplicitystudio/v2/developer/toolchains/gnu_arm/4.7_2013q1/bin/../lib/gcc/arm-none-eabi/4.7.3/armv6-m\libgcc.a(_udivsi3.o)
                0x0000273c                __aeabi_uidiv
                0x0000273c                __udivsi3
                0x000027c4                __aeabi_uidivmod
 .text          0x000027d8       0xc0 c:/siliconlabs/simplicitystudio/v2/developer/toolchains/gnu_arm/4.7_2013q1/bin/../lib/gcc/arm-none-eabi/4.7.3/armv6-m\libgcc.a(_divsi3.o)
                0x000027d8                __divsi3
                0x000027d8                __aeabi_idiv
                0x00002884                __aeabi_idivmod
 .text          0x00002898        0x4 c:/siliconlabs/simplicitystudio/v2/developer/toolchains/gnu_arm/4.7_2013q1/bin/../lib/gcc/arm-none-eabi/4.7.3/armv6-m\libgcc.a(_dvmd_tls.o)
                0x00002898                __aeabi_idiv0
                0x00002898                __aeabi_ldiv0
 .text.__register_exitproc
                0x0000289c       0x18 c:/siliconlabs/simplicitystudio/v2/developer/toolchains/gnu_arm/4.7_2013q1/bin/../lib/gcc/arm-none-eabi/4.7.3/../../../../arm-none-eabi/lib/armv6-m\libc_s.a(lib_a-__atexit2.o)
                0x0000289c                __register_exitproc
 .text.exit     0x000028b4       0x30 c:/siliconlabs/simplicitystudio/v2/developer/toolchains/gnu_arm/4.7_2013q1/bin/../lib/gcc/arm-none-eabi/4.7.3/../../../../arm-none-eabi/lib/armv6-m\libc_s.a(lib_a-exit.o)
                0x000028b4                exit
 .text.fileno   0x000028e4       0x50 c:/siliconlabs/simplicitystudio/v2/developer/toolchains/gnu_arm/4.7_2013q1/bin/../lib/gcc/arm-none-eabi/4.7.3/../../../../arm-none-eabi/lib/armv6-m\libc_s.a(lib_a-fileno.o)
                0x000028e4                fileno
 .text._cleanup_r
                0x00002934       0x36 c:/siliconlabs/simplicitystudio/v2/developer/toolchains/gnu_arm/4.7_2013q1/bin/../lib/gcc/arm-none-eabi/4.7.3/../../../../arm-none-eabi/lib/armv6-m\libc_s.a(lib_a-findfp.o)
                0x00002934                _cleanup_r
 *fill*         0x0000296a        0x2 00
 .text.std.isra.0
                0x0000296c       0x48 c:/siliconlabs/simplicitystudio/v2/developer/toolchains/gnu_arm/4.7_2013q1/bin/../lib/gcc/arm-none-eabi/4.7.3/../../../../arm-none-eabi/lib/armv6-m\libc_s.a(lib_a-findfp.o)
 .text.__sfmoreglue
                0x000029b4       0x28 c:/siliconlabs/simplicitystudio/v2/developer/toolchains/gnu_arm/4.7_2013q1/bin/../lib/gcc/arm-none-eabi/4.7.3/../../../../arm-none-eabi/lib/armv6-m\libc_s.a(lib_a-findfp.o)
                0x000029b4                __sfmoreglue
 .text.__sinit  0x000029dc       0x54 c:/siliconlabs/simplicitystudio/v2/developer/toolchains/gnu_arm/4.7_2013q1/bin/../lib/gcc/arm-none-eabi/4.7.3/../../../../arm-none-eabi/lib/armv6-m\libc_s.a(lib_a-findfp.o)
                0x000029dc                __sinit
 .text.__sfp    0x00002a30       0x80 c:/siliconlabs/simplicitystudio/v2/developer/toolchains/gnu_arm/4.7_2013q1/bin/../lib/gcc/arm-none-eabi/4.7.3/../../../../arm-none-eabi/lib/armv6-m\libc_s.a(lib_a-findfp.o)
                0x00002a30                __sfp
 .text.__libc_fini_array
                0x00002ab0       0x2c c:/siliconlabs/simplicitystudio/v2/developer/toolchains/gnu_arm/4.7_2013q1/bin/../lib/gcc/arm-none-eabi/4.7.3/../../../../arm-none-eabi/lib/armv6-m\libc_s.a(lib_a-fini.o)
                0x00002ab0                __libc_fini_array
 .text.__libc_init_array
                0x00002adc       0x4c c:/siliconlabs/simplicitystudio/v2/developer/toolchains/gnu_arm/4.7_2013q1/bin/../lib/gcc/arm-none-eabi/4.7.3/../../../../arm-none-eabi/lib/armv6-m\libc_s.a(lib_a-init.o)
                0x00002adc                __libc_init_array
 .text.localtime
                0x00002b28       0x28 c:/siliconlabs/simplicitystudio/v2/developer/toolchains/gnu_arm/4.7_2013q1/bin/../lib/gcc/arm-none-eabi/4.7.3/../../../../arm-none-eabi/lib/armv6-m\libc_s.a(lib_a-lcltime.o)
                0x00002b28                localtime
 .text.localtime_r
                0x00002b50        0xa c:/siliconlabs/simplicitystudio/v2/developer/toolchains/gnu_arm/4.7_2013q1/bin/../lib/gcc/arm-none-eabi/4.7.3/../../../../arm-none-eabi/lib/armv6-m\libc_s.a(lib_a-lcltime_r.o)
                0x00002b50                localtime_r
 *fill*         0x00002b5a        0x2 00
 .text.malloc   0x00002b5c       0x14 c:/siliconlabs/simplicitystudio/v2/developer/toolchains/gnu_arm/4.7_2013q1/bin/../lib/gcc/arm-none-eabi/4.7.3/../../../../arm-none-eabi/lib/armv6-m\libc_s.a(lib_a-malloc.o)
                0x00002b5c                malloc
 .text._malloc_r
                0x00002b70       0x94 c:/siliconlabs/simplicitystudio/v2/developer/toolchains/gnu_arm/4.7_2013q1/bin/../lib/gcc/arm-none-eabi/4.7.3/../../../../arm-none-eabi/lib/armv6-m\libc_s.a(lib_a-mallocr.o)
                0x00002b70                _malloc_r
 .text.memcpy   0x00002c04       0x12 c:/siliconlabs/simplicitystudio/v2/developer/toolchains/gnu_arm/4.7_2013q1/bin/../lib/gcc/arm-none-eabi/4.7.3/../../../../arm-none-eabi/lib/armv6-m\libc_s.a(lib_a-memcpy.o)
                0x00002c04                memcpy
 .text.memset   0x00002c16       0x12 c:/siliconlabs/simplicitystudio/v2/developer/toolchains/gnu_arm/4.7_2013q1/bin/../lib/gcc/arm-none-eabi/4.7.3/../../../../arm-none-eabi/lib/armv6-m\libc_s.a(lib_a-memset.o)
                0x00002c16                memset
 .text.__tzcalc_limits
                0x00002c28      0x160 c:/siliconlabs/simplicitystudio/v2/developer/toolchains/gnu_arm/4.7_2013q1/bin/../lib/gcc/arm-none-eabi/4.7.3/../../../../arm-none-eabi/lib/armv6-m\libc_s.a(lib_a-mktm_r.o)
                0x00002c28                __tzcalc_limits
 .text._mktm_r  0x00002d88      0x2b0 c:/siliconlabs/simplicitystudio/v2/developer/toolchains/gnu_arm/4.7_2013q1/bin/../lib/gcc/arm-none-eabi/4.7.3/../../../../arm-none-eabi/lib/armv6-m\libc_s.a(lib_a-mktm_r.o)
                0x00002d88                _mktm_r
 .text._sbrk_r  0x00003038       0x24 c:/siliconlabs/simplicitystudio/v2/developer/toolchains/gnu_arm/4.7_2013q1/bin/../lib/gcc/arm-none-eabi/4.7.3/../../../../arm-none-eabi/lib/armv6-m\libc_s.a(lib_a-sbrkr.o)
                0x00003038                _sbrk_r
 .text.sprintf  0x0000305c       0x44 c:/siliconlabs/simplicitystudio/v2/developer/toolchains/gnu_arm/4.7_2013q1/bin/../lib/gcc/arm-none-eabi/4.7.3/../../../../arm-none-eabi/lib/armv6-m\libc_s.a(lib_a-sprintf.o)
                0x0000305c                siprintf
                0x0000305c                sprintf
 .text.__sread  0x000030a0       0x28 c:/siliconlabs/simplicitystudio/v2/developer/toolchains/gnu_arm/4.7_2013q1/bin/../lib/gcc/arm-none-eabi/4.7.3/../../../../arm-none-eabi/lib/armv6-m\libc_s.a(lib_a-stdio.o)
                0x000030a0                __sread
 .text.__swrite
                0x000030c8       0x38 c:/siliconlabs/simplicitystudio/v2/developer/toolchains/gnu_arm/4.7_2013q1/bin/../lib/gcc/arm-none-eabi/4.7.3/../../../../arm-none-eabi/lib/armv6-m\libc_s.a(lib_a-stdio.o)
                0x000030c8                __swrite
 .text.__sseek  0x00003100       0x2c c:/siliconlabs/simplicitystudio/v2/developer/toolchains/gnu_arm/4.7_2013q1/bin/../lib/gcc/arm-none-eabi/4.7.3/../../../../arm-none-eabi/lib/armv6-m\libc_s.a(lib_a-stdio.o)
                0x00003100                __sseek
 .text.__sclose
                0x0000312c        0xc c:/siliconlabs/simplicitystudio/v2/developer/toolchains/gnu_arm/4.7_2013q1/bin/../lib/gcc/arm-none-eabi/4.7.3/../../../../arm-none-eabi/lib/armv6-m\libc_s.a(lib_a-stdio.o)
                0x0000312c                __sclose
 .text.strlen   0x00003138        0xe c:/siliconlabs/simplicitystudio/v2/developer/toolchains/gnu_arm/4.7_2013q1/bin/../lib/gcc/arm-none-eabi/4.7.3/../../../../arm-none-eabi/lib/armv6-m\libc_s.a(lib_a-strlen.o)
                0x00003138                strlen
 *fill*         0x00003146        0x2 00
 .text.__ssputc_r
                0x00003148       0xb0 c:/siliconlabs/simplicitystudio/v2/developer/toolchains/gnu_arm/4.7_2013q1/bin/../lib/gcc/arm-none-eabi/4.7.3/../../../../arm-none-eabi/lib/armv6-m\libc_s.a(lib_a-svfprintf.o)
                0x00003148                __ssputc_r
 .text._svfprintf_r
                0x000031f8      0x1f8 c:/siliconlabs/simplicitystudio/v2/developer/toolchains/gnu_arm/4.7_2013q1/bin/../lib/gcc/arm-none-eabi/4.7.3/../../../../arm-none-eabi/lib/armv6-m\libc_s.a(lib_a-svfprintf.o)
                0x000031f8                _svfiprintf_r
                0x000031f8                _svfprintf_r
 .text.__tz_lock
                0x000033f0        0x2 c:/siliconlabs/simplicitystudio/v2/developer/toolchains/gnu_arm/4.7_2013q1/bin/../lib/gcc/arm-none-eabi/4.7.3/../../../../arm-none-eabi/lib/armv6-m\libc_s.a(lib_a-tzlock.o)
                0x000033f0                __tz_lock
 .text.__tz_unlock
                0x000033f2        0x2 c:/siliconlabs/simplicitystudio/v2/developer/toolchains/gnu_arm/4.7_2013q1/bin/../lib/gcc/arm-none-eabi/4.7.3/../../../../arm-none-eabi/lib/armv6-m\libc_s.a(lib_a-tzlock.o)
                0x000033f2                __tz_unlock
 .text._printf_common
                0x000033f4       0xe0 c:/siliconlabs/simplicitystudio/v2/developer/toolchains/gnu_arm/4.7_2013q1/bin/../lib/gcc/arm-none-eabi/4.7.3/../../../../arm-none-eabi/lib/armv6-m\libc_s.a(lib_a-vfprintf_i.o)
                0x000033f4                _printf_common
 .text._printf_i
                0x000034d4      0x234 c:/siliconlabs/simplicitystudio/v2/developer/toolchains/gnu_arm/4.7_2013q1/bin/../lib/gcc/arm-none-eabi/4.7.3/../../../../arm-none-eabi/lib/armv6-m\libc_s.a(lib_a-vfprintf_i.o)
                0x000034d4                _printf_i
 .text._write_r
                0x00003708       0x28 c:/siliconlabs/simplicitystudio/v2/developer/toolchains/gnu_arm/4.7_2013q1/bin/../lib/gcc/arm-none-eabi/4.7.3/../../../../arm-none-eabi/lib/armv6-m\libc_s.a(lib_a-writer.o)
                0x00003708                _write_r
 .text._close_r
                0x00003730       0x24 c:/siliconlabs/simplicitystudio/v2/developer/toolchains/gnu_arm/4.7_2013q1/bin/../lib/gcc/arm-none-eabi/4.7.3/../../../../arm-none-eabi/lib/armv6-m\libc_s.a(lib_a-closer.o)
                0x00003730                _close_r
 .text._fflush_r
                0x00003754      0x154 c:/siliconlabs/simplicitystudio/v2/developer/toolchains/gnu_arm/4.7_2013q1/bin/../lib/gcc/arm-none-eabi/4.7.3/../../../../arm-none-eabi/lib/armv6-m\libc_s.a(lib_a-fflush.o)
                0x00003754                _fflush_r
 .text._free_r  0x000038a8       0x90 c:/siliconlabs/simplicitystudio/v2/developer/toolchains/gnu_arm/4.7_2013q1/bin/../lib/gcc/arm-none-eabi/4.7.3/../../../../arm-none-eabi/lib/armv6-m\libc_s.a(lib_a-freer.o)
                0x000038a8                _free_r
 .text.__gettzinfo
                0x00003938        0x8 c:/siliconlabs/simplicitystudio/v2/developer/toolchains/gnu_arm/4.7_2013q1/bin/../lib/gcc/arm-none-eabi/4.7.3/../../../../arm-none-eabi/lib/armv6-m\libc_s.a(lib_a-gettzinfo.o)
                0x00003938                __gettzinfo
 .text._lseek_r
                0x00003940       0x28 c:/siliconlabs/simplicitystudio/v2/developer/toolchains/gnu_arm/4.7_2013q1/bin/../lib/gcc/arm-none-eabi/4.7.3/../../../../arm-none-eabi/lib/armv6-m\libc_s.a(lib_a-lseekr.o)
                0x00003940                _lseek_r
 .text.memchr   0x00003968       0x18 c:/siliconlabs/simplicitystudio/v2/developer/toolchains/gnu_arm/4.7_2013q1/bin/../lib/gcc/arm-none-eabi/4.7.3/../../../../arm-none-eabi/lib/armv6-m\libc_s.a(lib_a-memchr.o)
                0x00003968                memchr
 .text._read_r  0x00003980       0x28 c:/siliconlabs/simplicitystudio/v2/developer/toolchains/gnu_arm/4.7_2013q1/bin/../lib/gcc/arm-none-eabi/4.7.3/../../../../arm-none-eabi/lib/armv6-m\libc_s.a(lib_a-readr.o)
                0x00003980                _read_r
 .text._realloc_r
                0x000039a8       0x4c c:/siliconlabs/simplicitystudio/v2/developer/toolchains/gnu_arm/4.7_2013q1/bin/../lib/gcc/arm-none-eabi/4.7.3/../../../../arm-none-eabi/lib/armv6-m\libc_s.a(lib_a-reallocr.o)
                0x000039a8                _realloc_r
 .text._malloc_usable_size_r
                0x000039f4       0x14 c:/siliconlabs/simplicitystudio/v2/developer/toolchains/gnu_arm/4.7_2013q1/bin/../lib/gcc/arm-none-eabi/4.7.3/../../../../arm-none-eabi/lib/armv6-m\libc_s.a(lib_a-msizer.o)
                0x000039f4                _malloc_usable_size_r
 *(.init)
 .init          0x00003a08        0x4 c:/siliconlabs/simplicitystudio/v2/developer/toolchains/gnu_arm/4.7_2013q1/bin/../lib/gcc/arm-none-eabi/4.7.3/armv6-m/crti.o
                0x00003a08                _init
 .init          0x00003a0c        0x8 c:/siliconlabs/simplicitystudio/v2/developer/toolchains/gnu_arm/4.7_2013q1/bin/../lib/gcc/arm-none-eabi/4.7.3/armv6-m/crtn.o
 *(.fini)
 .fini          0x00003a14        0x4 c:/siliconlabs/simplicitystudio/v2/developer/toolchains/gnu_arm/4.7_2013q1/bin/../lib/gcc/arm-none-eabi/4.7.3/armv6-m/crti.o
                0x00003a14                _fini
 .fini          0x00003a18        0x8 c:/siliconlabs/simplicitystudio/v2/developer/toolchains/gnu_arm/4.7_2013q1/bin/../lib/gcc/arm-none-eabi/4.7.3/armv6-m/crtn.o
 *crtbegin.o(.ctors)
 *crtbegin?.o(.ctors)
 *(EXCLUDE_FILE(*crtend.o *crtend?.o) .ctors)
 *(SORT(.ctors.*))
 *(.ctors)
 *crtbegin.o(.dtors)
 *crtbegin?.o(.dtors)
 *(EXCLUDE_FILE(*crtend.o *crtend?.o) .dtors)
 *(SORT(.dtors.*))
 *(.dtors)
 *(.rodata*)
 .rodata        0x00003a20       0x28 ./src/main.o
 .rodata.str1.1
                0x00003a48        0xf ./src/main.o
 .rodata.i2cNSum
                0x00003a57        0x4 ./emlib/em_i2c.o
 *fill*         0x00003a5b        0x1 00
 .rodata.GLIB_FontNumber16x20
                0x00003a5c       0x10 ./Graphics/glib_font_number_16x20.o
                0x00003a5c                GLIB_FontNumber16x20
 .rodata.GLIB_FontNumber16x20PixMap
                0x00003a6c      0x1e0 ./Graphics/glib_font_number_16x20.o
 .rodata.str1.1
                0x00003c4c       0x15 ./Drivers/displayls013b7dh03.o
 *fill*         0x00003c61        0x3 00
 .rodata        0x00003c64       0x1c ./Drivers/displaypalemlib.o
 .rodata.heaperr.8084
                0x00003c80       0x1a ./Drivers/retargetio.o
 .rodata.numbers_16x20_bits
                0x00003c9a      0x1e0 ./Drivers/textdisplay.o
 .rodata        0x00003e7a        0x3 ./Drivers/udelay.o
 .rodata._ctype_
                0x00003e7d      0x101 c:/siliconlabs/simplicitystudio/v2/developer/toolchains/gnu_arm/4.7_2013q1/bin/../lib/gcc/arm-none-eabi/4.7.3/../../../../arm-none-eabi/lib/armv6-m\libc_s.a(lib_a-ctype_.o)
                0x00003e7d                _ctype_
 *fill*         0x00003f7e        0x2 00
 .rodata.__sf_fake_stdin
                0x00003f80       0x20 c:/siliconlabs/simplicitystudio/v2/developer/toolchains/gnu_arm/4.7_2013q1/bin/../lib/gcc/arm-none-eabi/4.7.3/../../../../arm-none-eabi/lib/armv6-m\libc_s.a(lib_a-findfp.o)
                0x00003f80                __sf_fake_stdin
 .rodata.__sf_fake_stdout
                0x00003fa0       0x20 c:/siliconlabs/simplicitystudio/v2/developer/toolchains/gnu_arm/4.7_2013q1/bin/../lib/gcc/arm-none-eabi/4.7.3/../../../../arm-none-eabi/lib/armv6-m\libc_s.a(lib_a-findfp.o)
                0x00003fa0                __sf_fake_stdout
 .rodata.__sf_fake_stderr
                0x00003fc0       0x20 c:/siliconlabs/simplicitystudio/v2/developer/toolchains/gnu_arm/4.7_2013q1/bin/../lib/gcc/arm-none-eabi/4.7.3/../../../../arm-none-eabi/lib/armv6-m\libc_s.a(lib_a-findfp.o)
                0x00003fc0                __sf_fake_stderr
 .rodata.str1.1
                0x00003fe0        0x2 c:/siliconlabs/simplicitystudio/v2/developer/toolchains/gnu_arm/4.7_2013q1/bin/../lib/gcc/arm-none-eabi/4.7.3/../../../../arm-none-eabi/lib/armv6-m\libc_s.a(lib_a-impure.o)
 *fill*         0x00003fe2        0x2 00
 .rodata._global_impure_ptr
                0x00003fe4        0x4 c:/siliconlabs/simplicitystudio/v2/developer/toolchains/gnu_arm/4.7_2013q1/bin/../lib/gcc/arm-none-eabi/4.7.3/../../../../arm-none-eabi/lib/armv6-m\libc_s.a(lib_a-impure.o)
                0x00003fe4                _global_impure_ptr
 .rodata.mon_lengths
                0x00003fe8       0x60 c:/siliconlabs/simplicitystudio/v2/developer/toolchains/gnu_arm/4.7_2013q1/bin/../lib/gcc/arm-none-eabi/4.7.3/../../../../arm-none-eabi/lib/armv6-m\libc_s.a(lib_a-mktm_r.o)
 .rodata.year_lengths
                0x00004048        0x8 c:/siliconlabs/simplicitystudio/v2/developer/toolchains/gnu_arm/4.7_2013q1/bin/../lib/gcc/arm-none-eabi/4.7.3/../../../../arm-none-eabi/lib/armv6-m\libc_s.a(lib_a-mktm_r.o)
 .rodata.str1.1
                0x00004050       0x11 c:/siliconlabs/simplicitystudio/v2/developer/toolchains/gnu_arm/4.7_2013q1/bin/../lib/gcc/arm-none-eabi/4.7.3/../../../../arm-none-eabi/lib/armv6-m\libc_s.a(lib_a-svfprintf.o)
 .rodata.str1.1
                0x00004061       0x22 c:/siliconlabs/simplicitystudio/v2/developer/toolchains/gnu_arm/4.7_2013q1/bin/../lib/gcc/arm-none-eabi/4.7.3/../../../../arm-none-eabi/lib/armv6-m\libc_s.a(lib_a-vfprintf_i.o)
 *(.eh_frame*)
 *fill*         0x00004083        0x1 00
 .eh_frame      0x00004084        0x0 c:/siliconlabs/simplicitystudio/v2/developer/toolchains/gnu_arm/4.7_2013q1/bin/../lib/gcc/arm-none-eabi/4.7.3/armv6-m/crtbegin.o
 .eh_frame      0x00004084        0x4 c:/siliconlabs/simplicitystudio/v2/developer/toolchains/gnu_arm/4.7_2013q1/bin/../lib/gcc/arm-none-eabi/4.7.3/armv6-m/crtend.o

.glue_7         0x00004088        0x0
 .glue_7        0x00000000        0x0 linker stubs

.glue_7t        0x00004088        0x0
 .glue_7t       0x00000000        0x0 linker stubs

.vfp11_veneer   0x00004088        0x0
 .vfp11_veneer  0x00000000        0x0 linker stubs

.v4_bx          0x00004088        0x0
 .v4_bx         0x00000000        0x0 linker stubs

.iplt           0x00004088        0x0
 .iplt          0x00000000        0x0 c:/siliconlabs/simplicitystudio/v2/developer/toolchains/gnu_arm/4.7_2013q1/bin/../lib/gcc/arm-none-eabi/4.7.3/armv6-m/crtbegin.o

.ARM.extab
 *(.ARM.extab* .gnu.linkonce.armextab.*)
                0x00004088                __exidx_start = .

.ARM.exidx      0x00004088        0x8
 *(.ARM.exidx* .gnu.linkonce.armexidx.*)
 .ARM.exidx     0x00004088        0x8 c:/siliconlabs/simplicitystudio/v2/developer/toolchains/gnu_arm/4.7_2013q1/bin/../lib/gcc/arm-none-eabi/4.7.3/../../../../arm-none-eabi/lib/armv6-m/crt0.o
                0x00004090                __exidx_end = .
                0x00004090                __etext = .

.rel.dyn        0x00004090        0x0
 .rel.iplt      0x00000000        0x0 c:/siliconlabs/simplicitystudio/v2/developer/toolchains/gnu_arm/4.7_2013q1/bin/../lib/gcc/arm-none-eabi/4.7.3/armv6-m/crtbegin.o

.data           0x20000000       0xd0 load address 0x00004090
                0x20000000                __data_start__ = .
 *(vtable)
 *(.data*)
 .data.updateDisplay
                0x20000000        0x1 ./src/main.o
 *fill*         0x20000001        0x3 00
 .data.pDisplayDeviceDriverInitFunctions
                0x20000004        0x8 ./Drivers/display.o
 .data.pixelMatrixPool
                0x2000000c        0x4 ./Drivers/displayls013b7dh03.o
 .data.loops_per_jiffy
                0x20000010        0x4 ./Drivers/udelay.o
                0x20000010                loops_per_jiffy
 .data.SystemLFXOClock
                0x20000014        0x4 ./CMSIS/efm32zg/system_efm32zg.o
 .data.SystemHFXOClock
                0x20000018        0x4 ./CMSIS/efm32zg/system_efm32zg.o
 .data.__ctype_ptr__
                0x2000001c        0x4 c:/siliconlabs/simplicitystudio/v2/developer/toolchains/gnu_arm/4.7_2013q1/bin/../lib/gcc/arm-none-eabi/4.7.3/../../../../arm-none-eabi/lib/armv6-m\libc_s.a(lib_a-ctype_.o)
                0x2000001c                __ctype_ptr__
 .data.impure_data
                0x20000020       0x64 c:/siliconlabs/simplicitystudio/v2/developer/toolchains/gnu_arm/4.7_2013q1/bin/../lib/gcc/arm-none-eabi/4.7.3/../../../../arm-none-eabi/lib/armv6-m\libc_s.a(lib_a-impure.o)
 .data._impure_ptr
                0x20000084        0x4 c:/siliconlabs/simplicitystudio/v2/developer/toolchains/gnu_arm/4.7_2013q1/bin/../lib/gcc/arm-none-eabi/4.7.3/../../../../arm-none-eabi/lib/armv6-m\libc_s.a(lib_a-impure.o)
                0x20000084                _impure_ptr
 .data.tzinfo   0x20000088       0x40 c:/siliconlabs/simplicitystudio/v2/developer/toolchains/gnu_arm/4.7_2013q1/bin/../lib/gcc/arm-none-eabi/4.7.3/../../../../arm-none-eabi/lib/armv6-m\libc_s.a(lib_a-gettzinfo.o)
                0x200000c8                . = ALIGN (0x4)
 *(.ram)
                0x200000c8                . = ALIGN (0x4)
                0x200000c8                PROVIDE (__preinit_array_start, .)
 *(.preinit_array)
                0x200000c8                PROVIDE (__preinit_array_end, .)
                0x200000c8                . = ALIGN (0x4)
                0x200000c8                PROVIDE (__init_array_start, .)
 *(SORT(.init_array.*))
 *(.init_array)
 .init_array    0x200000c8        0x4 c:/siliconlabs/simplicitystudio/v2/developer/toolchains/gnu_arm/4.7_2013q1/bin/../lib/gcc/arm-none-eabi/4.7.3/armv6-m/crtbegin.o
                0x200000cc                PROVIDE (__init_array_end, .)
                0x200000cc                . = ALIGN (0x4)
                0x200000cc                PROVIDE (__fini_array_start, .)
 *(SORT(.fini_array.*))
 *(.fini_array)
 .fini_array    0x200000cc        0x4 c:/siliconlabs/simplicitystudio/v2/developer/toolchains/gnu_arm/4.7_2013q1/bin/../lib/gcc/arm-none-eabi/4.7.3/armv6-m/crtbegin.o
                0x200000d0                PROVIDE (__fini_array_end, .)
                0x200000d0                . = ALIGN (0x4)
                0x200000d0                __data_end__ = .

.jcr            0x200000d0        0x0 load address 0x00004160
 .jcr           0x200000d0        0x0 c:/siliconlabs/simplicitystudio/v2/developer/toolchains/gnu_arm/4.7_2013q1/bin/../lib/gcc/arm-none-eabi/4.7.3/armv6-m/crtbegin.o

.igot.plt       0x200000d0        0x0 load address 0x00004160
 .igot.plt      0x00000000        0x0 c:/siliconlabs/simplicitystudio/v2/developer/toolchains/gnu_arm/4.7_2013q1/bin/../lib/gcc/arm-none-eabi/4.7.3/armv6-m/crtbegin.o

.bss            0x200000d0      0xa48 load address 0x00004160
                0x200000d0                __bss_start__ = .
 *(.bss*)
 .bss           0x200000d0       0x1c c:/siliconlabs/simplicitystudio/v2/developer/toolchains/gnu_arm/4.7_2013q1/bin/../lib/gcc/arm-none-eabi/4.7.3/armv6-m/crtbegin.o
 .bss.pcntIrqCount
                0x200000ec        0x4 ./src/main.o
 .bss.curTime   0x200000f0        0x4 ./src/main.o
 .bss.timeIsFastForwarding
                0x200000f4        0x1 ./src/main.o
 .bss.clockMode
                0x200000f5        0x1 ./src/main.o
                0x200000f5                clockMode
 .bss.cmuStatus
                0x200000f6        0x2 ./emlib/em_emu.o
 .bss.i2cTransfer
                0x200000f8        0xc ./emlib/em_i2c.o
 .bss.INT_LockCnt
                0x20000104        0x4 ./emlib/em_int.o
                0x20000104                INT_LockCnt
 .bss.pixelMatrixBuffer
                0x20000108        0x4 ./Graphics/dmd_display.o
 .bss.displayDevice
                0x2000010c       0x2c ./Graphics/dmd_display.o
 .bss.dimensions
                0x20000138        0xc ./Graphics/dmd_display.o
 .bss.moduleInitialized
                0x20000144        0x1 ./Graphics/dmd_display.o
 *fill*         0x20000145        0x3 00
 .bss.devicesRegistered
                0x20000148        0x4 ./Drivers/display.o
 .bss.deviceTable
                0x2000014c       0x2c ./Drivers/display.o
 .bss.moduleInitialized
                0x20000178        0x1 ./Drivers/display.o
 *fill*         0x20000179        0x1 00
 .bss.pixelMatrixPoolBase
                0x2000017a      0x940 ./Drivers/displayls013b7dh03.o
 *fill*         0x20000aba        0x2 00
 .bss.heap_end.8082
                0x20000abc        0x4 ./Drivers/retargetio.o
 .bss.textDisplayHandle
                0x20000ac0        0x4 ./Drivers/retargettextdisplay.o
                0x20000ac0                textDisplayHandle
 .bss.si114x_i2c
                0x20000ac4        0x8 ./Drivers/si114x_algorithm.o
 .bss.__malloc_free_list
                0x20000acc        0x4 c:/siliconlabs/simplicitystudio/v2/developer/toolchains/gnu_arm/4.7_2013q1/bin/../lib/gcc/arm-none-eabi/4.7.3/../../../../arm-none-eabi/lib/armv6-m\libc_s.a(lib_a-mallocr.o)
                0x20000acc                __malloc_free_list
 .bss._daylight
                0x20000ad0        0x4 c:/siliconlabs/simplicitystudio/v2/developer/toolchains/gnu_arm/4.7_2013q1/bin/../lib/gcc/arm-none-eabi/4.7.3/../../../../arm-none-eabi/lib/armv6-m\libc_s.a(lib_a-tzvars.o)
                0x20000ad0                _daylight
 *(COMMON)
 COMMON         0x20000ad4       0x2c ./src/main.o
                0x20000ad4                gc
 COMMON         0x20000b00       0x10 ./Graphics/dmd_display.o
                0x20000b00                dirtyRows
 COMMON         0x20000b10        0x4 ./CMSIS/efm32zg/system_efm32zg.o
                0x20000b10                SystemCoreClock
 COMMON         0x20000b14        0x4 c:/siliconlabs/simplicitystudio/v2/developer/toolchains/gnu_arm/4.7_2013q1/bin/../lib/gcc/arm-none-eabi/4.7.3/../../../../arm-none-eabi/lib/armv6-m\libc_s.a(lib_a-reent.o)
                0x20000b14                errno
                0x20000b18                __bss_end__ = .

.heap           0x20000b18        0x0
                0x20000b18                __end__ = .
                0x20000b18                end = __end__
                0x20000b18                _end = __end__
 *(.heap*)
 .heap          0x20000b18        0x0 ./CMSIS/efm32zg/startup_efm32zg.o
                0x20000b18                __HeapLimit = .

.stack_dummy    0x20000b18      0x400
 *(.stack)
 .stack         0x20000b18      0x400 ./CMSIS/efm32zg/startup_efm32zg.o
                0x20001000                __StackTop = (ORIGIN (RAM) + 0x1000)
                0x20000c00                __StackLimit = (__StackTop - SIZEOF (.stack_dummy))
                0x20001000                PROVIDE (__stack, __StackTop)
                0x00000001                ASSERT ((__StackLimit >= __HeapLimit), region RAM overflowed with stack)
                0x00000001                ASSERT ((0x8000 >= (__etext + SIZEOF (.data))), FLASH memory overflowed !)
OUTPUT(STK3200_clock.axf elf32-littlearm)

.ARM.attributes
                0x00000000       0x28
 .ARM.attributes
                0x00000000       0x1e c:/siliconlabs/simplicitystudio/v2/developer/toolchains/gnu_arm/4.7_2013q1/bin/../lib/gcc/arm-none-eabi/4.7.3/armv6-m/crti.o
 .ARM.attributes
                0x0000001e       0x2c c:/siliconlabs/simplicitystudio/v2/developer/toolchains/gnu_arm/4.7_2013q1/bin/../lib/gcc/arm-none-eabi/4.7.3/armv6-m/crtbegin.o
 .ARM.attributes
                0x0000004a       0x1c c:/siliconlabs/simplicitystudio/v2/developer/toolchains/gnu_arm/4.7_2013q1/bin/../lib/gcc/arm-none-eabi/4.7.3/../../../../arm-none-eabi/lib/armv6-m/crt0.o
 .ARM.attributes
                0x00000066       0x32 ./src/main.o
 .ARM.attributes
                0x00000098       0x32 ./emlib/em_cmu.o
 .ARM.attributes
                0x000000ca       0x32 ./emlib/em_emu.o
 .ARM.attributes
                0x000000fc       0x32 ./emlib/em_gpio.o
 .ARM.attributes
                0x0000012e       0x32 ./emlib/em_i2c.o
 .ARM.attributes
                0x00000160       0x32 ./emlib/em_int.o
 .ARM.attributes
                0x00000192       0x32 ./emlib/em_pcnt.o
 .ARM.attributes
                0x000001c4       0x32 ./emlib/em_prs.o
 .ARM.attributes
                0x000001f6       0x32 ./emlib/em_rtc.o
 .ARM.attributes
                0x00000228       0x32 ./emlib/em_usart.o
 .ARM.attributes
                0x0000025a       0x32 ./Graphics/dmd_display.o
 .ARM.attributes
                0x0000028c       0x32 ./Graphics/glib.o
 .ARM.attributes
                0x000002be       0x32 ./Graphics/glib_font_number_16x20.o
 .ARM.attributes
                0x000002f0       0x32 ./Graphics/glib_rectangle.o
 .ARM.attributes
                0x00000322       0x32 ./Graphics/glib_string.o
 .ARM.attributes
                0x00000354       0x32 ./Drivers/display.o
 .ARM.attributes
                0x00000386       0x32 ./Drivers/displayls013b7dh03.o
 .ARM.attributes
                0x000003b8       0x32 ./Drivers/displaypalemlib.o
 .ARM.attributes
                0x000003ea       0x32 ./Drivers/i2cdrv.o
 .ARM.attributes
                0x0000041c       0x32 ./Drivers/retargetio.o
 .ARM.attributes
                0x0000044e       0x32 ./Drivers/retargettextdisplay.o
 .ARM.attributes
                0x00000480       0x32 ./Drivers/si1147_i2c.o
 .ARM.attributes
                0x000004b2       0x32 ./Drivers/si114x_algorithm.o
 .ARM.attributes
                0x000004e4       0x32 ./Drivers/si114x_functions.o
 .ARM.attributes
                0x00000516       0x32 ./Drivers/textdisplay.o
 .ARM.attributes
                0x00000548       0x2b ./Drivers/udelay.o
 .ARM.attributes
                0x00000573       0x1b ./CMSIS/efm32zg/startup_efm32zg.o
 .ARM.attributes
                0x0000058e       0x32 ./CMSIS/efm32zg/system_efm32zg.o
 .ARM.attributes
                0x000005c0       0x1e c:/siliconlabs/simplicitystudio/v2/developer/toolchains/gnu_arm/4.7_2013q1/bin/../lib/gcc/arm-none-eabi/4.7.3/armv6-m\libgcc.a(_thumb1_case_uqi.o)
 .ARM.attributes
                0x000005de       0x1e c:/siliconlabs/simplicitystudio/v2/developer/toolchains/gnu_arm/4.7_2013q1/bin/../lib/gcc/arm-none-eabi/4.7.3/armv6-m\libgcc.a(_udivsi3.o)
 .ARM.attributes
                0x000005fc       0x1e c:/siliconlabs/simplicitystudio/v2/developer/toolchains/gnu_arm/4.7_2013q1/bin/../lib/gcc/arm-none-eabi/4.7.3/armv6-m\libgcc.a(_divsi3.o)
 .ARM.attributes
                0x0000061a       0x1e c:/siliconlabs/simplicitystudio/v2/developer/toolchains/gnu_arm/4.7_2013q1/bin/../lib/gcc/arm-none-eabi/4.7.3/armv6-m\libgcc.a(_dvmd_tls.o)
 .ARM.attributes
                0x00000638       0x2c c:/siliconlabs/simplicitystudio/v2/developer/toolchains/gnu_arm/4.7_2013q1/bin/../lib/gcc/arm-none-eabi/4.7.3/../../../../arm-none-eabi/lib/armv6-m\libc_s.a(lib_a-__atexit2.o)
 .ARM.attributes
                0x00000664       0x2c c:/siliconlabs/simplicitystudio/v2/developer/toolchains/gnu_arm/4.7_2013q1/bin/../lib/gcc/arm-none-eabi/4.7.3/../../../../arm-none-eabi/lib/armv6-m\libc_s.a(lib_a-ctype_.o)
 .ARM.attributes
                0x00000690       0x2c c:/siliconlabs/simplicitystudio/v2/developer/toolchains/gnu_arm/4.7_2013q1/bin/../lib/gcc/arm-none-eabi/4.7.3/../../../../arm-none-eabi/lib/armv6-m\libc_s.a(lib_a-exit.o)
 .ARM.attributes
                0x000006bc       0x2c c:/siliconlabs/simplicitystudio/v2/developer/toolchains/gnu_arm/4.7_2013q1/bin/../lib/gcc/arm-none-eabi/4.7.3/../../../../arm-none-eabi/lib/armv6-m\libc_s.a(lib_a-fileno.o)
 .ARM.attributes
                0x000006e8       0x2c c:/siliconlabs/simplicitystudio/v2/developer/toolchains/gnu_arm/4.7_2013q1/bin/../lib/gcc/arm-none-eabi/4.7.3/../../../../arm-none-eabi/lib/armv6-m\libc_s.a(lib_a-findfp.o)
 .ARM.attributes
                0x00000714       0x2c c:/siliconlabs/simplicitystudio/v2/developer/toolchains/gnu_arm/4.7_2013q1/bin/../lib/gcc/arm-none-eabi/4.7.3/../../../../arm-none-eabi/lib/armv6-m\libc_s.a(lib_a-fini.o)
 .ARM.attributes
                0x00000740       0x2c c:/siliconlabs/simplicitystudio/v2/developer/toolchains/gnu_arm/4.7_2013q1/bin/../lib/gcc/arm-none-eabi/4.7.3/../../../../arm-none-eabi/lib/armv6-m\libc_s.a(lib_a-impure.o)
 .ARM.attributes
                0x0000076c       0x2c c:/siliconlabs/simplicitystudio/v2/developer/toolchains/gnu_arm/4.7_2013q1/bin/../lib/gcc/arm-none-eabi/4.7.3/../../../../arm-none-eabi/lib/armv6-m\libc_s.a(lib_a-init.o)
 .ARM.attributes
                0x00000798       0x2c c:/siliconlabs/simplicitystudio/v2/developer/toolchains/gnu_arm/4.7_2013q1/bin/../lib/gcc/arm-none-eabi/4.7.3/../../../../arm-none-eabi/lib/armv6-m\libc_s.a(lib_a-lcltime.o)
 .ARM.attributes
                0x000007c4       0x2c c:/siliconlabs/simplicitystudio/v2/developer/toolchains/gnu_arm/4.7_2013q1/bin/../lib/gcc/arm-none-eabi/4.7.3/../../../../arm-none-eabi/lib/armv6-m\libc_s.a(lib_a-lcltime_r.o)
 .ARM.attributes
                0x000007f0       0x2c c:/siliconlabs/simplicitystudio/v2/developer/toolchains/gnu_arm/4.7_2013q1/bin/../lib/gcc/arm-none-eabi/4.7.3/../../../../arm-none-eabi/lib/armv6-m\libc_s.a(lib_a-malloc.o)
 .ARM.attributes
                0x0000081c       0x2c c:/siliconlabs/simplicitystudio/v2/developer/toolchains/gnu_arm/4.7_2013q1/bin/../lib/gcc/arm-none-eabi/4.7.3/../../../../arm-none-eabi/lib/armv6-m\libc_s.a(lib_a-mallocr.o)
 .ARM.attributes
                0x00000848       0x2c c:/siliconlabs/simplicitystudio/v2/developer/toolchains/gnu_arm/4.7_2013q1/bin/../lib/gcc/arm-none-eabi/4.7.3/../../../../arm-none-eabi/lib/armv6-m\libc_s.a(lib_a-memcpy.o)
 .ARM.attributes
                0x00000874       0x2c c:/siliconlabs/simplicitystudio/v2/developer/toolchains/gnu_arm/4.7_2013q1/bin/../lib/gcc/arm-none-eabi/4.7.3/../../../../arm-none-eabi/lib/armv6-m\libc_s.a(lib_a-memset.o)
 .ARM.attributes
                0x000008a0       0x2c c:/siliconlabs/simplicitystudio/v2/developer/toolchains/gnu_arm/4.7_2013q1/bin/../lib/gcc/arm-none-eabi/4.7.3/../../../../arm-none-eabi/lib/armv6-m\libc_s.a(lib_a-mktm_r.o)
 .ARM.attributes
                0x000008cc       0x2c c:/siliconlabs/simplicitystudio/v2/developer/toolchains/gnu_arm/4.7_2013q1/bin/../lib/gcc/arm-none-eabi/4.7.3/../../../../arm-none-eabi/lib/armv6-m\libc_s.a(lib_a-sbrkr.o)
 .ARM.attributes
                0x000008f8       0x2c c:/siliconlabs/simplicitystudio/v2/developer/toolchains/gnu_arm/4.7_2013q1/bin/../lib/gcc/arm-none-eabi/4.7.3/../../../../arm-none-eabi/lib/armv6-m\libc_s.a(lib_a-sprintf.o)
 .ARM.attributes
                0x00000924       0x2c c:/siliconlabs/simplicitystudio/v2/developer/toolchains/gnu_arm/4.7_2013q1/bin/../lib/gcc/arm-none-eabi/4.7.3/../../../../arm-none-eabi/lib/armv6-m\libc_s.a(lib_a-stdio.o)
 .ARM.attributes
                0x00000950       0x2c c:/siliconlabs/simplicitystudio/v2/developer/toolchains/gnu_arm/4.7_2013q1/bin/../lib/gcc/arm-none-eabi/4.7.3/../../../../arm-none-eabi/lib/armv6-m\libc_s.a(lib_a-strlen.o)
 .ARM.attributes
                0x0000097c       0x2c c:/siliconlabs/simplicitystudio/v2/developer/toolchains/gnu_arm/4.7_2013q1/bin/../lib/gcc/arm-none-eabi/4.7.3/../../../../arm-none-eabi/lib/armv6-m\libc_s.a(lib_a-svfprintf.o)
 .ARM.attributes
                0x000009a8       0x2c c:/siliconlabs/simplicitystudio/v2/developer/toolchains/gnu_arm/4.7_2013q1/bin/../lib/gcc/arm-none-eabi/4.7.3/../../../../arm-none-eabi/lib/armv6-m\libc_s.a(lib_a-tzlock.o)
 .ARM.attributes
                0x000009d4       0x2c c:/siliconlabs/simplicitystudio/v2/developer/toolchains/gnu_arm/4.7_2013q1/bin/../lib/gcc/arm-none-eabi/4.7.3/../../../../arm-none-eabi/lib/armv6-m\libc_s.a(lib_a-tzvars.o)
 .ARM.attributes
                0x00000a00       0x2c c:/siliconlabs/simplicitystudio/v2/developer/toolchains/gnu_arm/4.7_2013q1/bin/../lib/gcc/arm-none-eabi/4.7.3/../../../../arm-none-eabi/lib/armv6-m\libc_s.a(lib_a-vfprintf_i.o)
 .ARM.attributes
                0x00000a2c       0x2c c:/siliconlabs/simplicitystudio/v2/developer/toolchains/gnu_arm/4.7_2013q1/bin/../lib/gcc/arm-none-eabi/4.7.3/../../../../arm-none-eabi/lib/armv6-m\libc_s.a(lib_a-writer.o)
 .ARM.attributes
                0x00000a58       0x2c c:/siliconlabs/simplicitystudio/v2/developer/toolchains/gnu_arm/4.7_2013q1/bin/../lib/gcc/arm-none-eabi/4.7.3/../../../../arm-none-eabi/lib/armv6-m\libc_s.a(lib_a-closer.o)
 .ARM.attributes
                0x00000a84       0x2c c:/siliconlabs/simplicitystudio/v2/developer/toolchains/gnu_arm/4.7_2013q1/bin/../lib/gcc/arm-none-eabi/4.7.3/../../../../arm-none-eabi/lib/armv6-m\libc_s.a(lib_a-fflush.o)
 .ARM.attributes
                0x00000ab0       0x2c c:/siliconlabs/simplicitystudio/v2/developer/toolchains/gnu_arm/4.7_2013q1/bin/../lib/gcc/arm-none-eabi/4.7.3/../../../../arm-none-eabi/lib/armv6-m\libc_s.a(lib_a-freer.o)
 .ARM.attributes
                0x00000adc       0x2c c:/siliconlabs/simplicitystudio/v2/developer/toolchains/gnu_arm/4.7_2013q1/bin/../lib/gcc/arm-none-eabi/4.7.3/../../../../arm-none-eabi/lib/armv6-m\libc_s.a(lib_a-gettzinfo.o)
 .ARM.attributes
                0x00000b08       0x2c c:/siliconlabs/simplicitystudio/v2/developer/toolchains/gnu_arm/4.7_2013q1/bin/../lib/gcc/arm-none-eabi/4.7.3/../../../../arm-none-eabi/lib/armv6-m\libc_s.a(lib_a-lseekr.o)
 .ARM.attributes
                0x00000b34       0x2c c:/siliconlabs/simplicitystudio/v2/developer/toolchains/gnu_arm/4.7_2013q1/bin/../lib/gcc/arm-none-eabi/4.7.3/../../../../arm-none-eabi/lib/armv6-m\libc_s.a(lib_a-memchr.o)
 .ARM.attributes
                0x00000b60       0x2c c:/siliconlabs/simplicitystudio/v2/developer/toolchains/gnu_arm/4.7_2013q1/bin/../lib/gcc/arm-none-eabi/4.7.3/../../../../arm-none-eabi/lib/armv6-m\libc_s.a(lib_a-readr.o)
 .ARM.attributes
                0x00000b8c       0x2c c:/siliconlabs/simplicitystudio/v2/developer/toolchains/gnu_arm/4.7_2013q1/bin/../lib/gcc/arm-none-eabi/4.7.3/../../../../arm-none-eabi/lib/armv6-m\libc_s.a(lib_a-reallocr.o)
 .ARM.attributes
                0x00000bb8       0x2c c:/siliconlabs/simplicitystudio/v2/developer/toolchains/gnu_arm/4.7_2013q1/bin/../lib/gcc/arm-none-eabi/4.7.3/../../../../arm-none-eabi/lib/armv6-m\libc_s.a(lib_a-reent.o)
 .ARM.attributes
                0x00000be4       0x2c c:/siliconlabs/simplicitystudio/v2/developer/toolchains/gnu_arm/4.7_2013q1/bin/../lib/gcc/arm-none-eabi/4.7.3/../../../../arm-none-eabi/lib/armv6-m\libc_s.a(lib_a-msizer.o)
 .ARM.attributes
                0x00000c10       0x2c c:/siliconlabs/simplicitystudio/v2/developer/toolchains/gnu_arm/4.7_2013q1/bin/../lib/gcc/arm-none-eabi/4.7.3/armv6-m/crtend.o
 .ARM.attributes
                0x00000c3c       0x1e c:/siliconlabs/simplicitystudio/v2/developer/toolchains/gnu_arm/4.7_2013q1/bin/../lib/gcc/arm-none-eabi/4.7.3/armv6-m/crtn.o

.comment        0x00000000       0x70
 .comment       0x00000000       0x70 ./src/main.o
                                 0x71 (size before relaxing)
 .comment       0x00000000       0x71 ./emlib/em_cmu.o
 .comment       0x00000000       0x71 ./emlib/em_emu.o
 .comment       0x00000000       0x71 ./emlib/em_gpio.o
 .comment       0x00000000       0x71 ./emlib/em_i2c.o
 .comment       0x00000000       0x71 ./emlib/em_int.o
 .comment       0x00000000       0x71 ./emlib/em_pcnt.o
 .comment       0x00000000       0x71 ./emlib/em_prs.o
 .comment       0x00000000       0x71 ./emlib/em_rtc.o
 .comment       0x00000000       0x71 ./emlib/em_usart.o
 .comment       0x00000000       0x71 ./Graphics/dmd_display.o
 .comment       0x00000000       0x71 ./Graphics/glib.o
 .comment       0x00000000       0x71 ./Graphics/glib_font_number_16x20.o
 .comment       0x00000000       0x71 ./Graphics/glib_rectangle.o
 .comment       0x00000000       0x71 ./Graphics/glib_string.o
 .comment       0x00000000       0x71 ./Drivers/display.o
 .comment       0x00000000       0x71 ./Drivers/displayls013b7dh03.o
 .comment       0x00000000       0x71 ./Drivers/displaypalemlib.o
 .comment       0x00000000       0x71 ./Drivers/i2cdrv.o
 .comment       0x00000000       0x71 ./Drivers/retargetio.o
 .comment       0x00000000       0x71 ./Drivers/retargettextdisplay.o
 .comment       0x00000000       0x71 ./Drivers/si1147_i2c.o
 .comment       0x00000000       0x71 ./Drivers/si114x_algorithm.o
 .comment       0x00000000       0x71 ./Drivers/si114x_functions.o
 .comment       0x00000000       0x71 ./Drivers/textdisplay.o
 .comment       0x00000000       0x71 ./Drivers/udelay.o
 .comment       0x00000000       0x71 ./CMSIS/efm32zg/system_efm32zg.o

.debug_info     0x00000000    0x103fe
 .debug_info    0x00000000     0x1878 ./src/main.o
 .debug_info    0x00001878     0x13ac ./emlib/em_cmu.o
 .debug_info    0x00002c24      0x5b0 ./emlib/em_emu.o
 .debug_info    0x000031d4      0x56c ./emlib/em_gpio.o
 .debug_info    0x00003740      0x867 ./emlib/em_i2c.o
 .debug_info    0x00003fa7       0xa0 ./emlib/em_int.o
 .debug_info    0x00004047      0xa43 ./emlib/em_pcnt.o
 .debug_info    0x00004a8a      0x207 ./emlib/em_prs.o
 .debug_info    0x00004c91      0x366 ./emlib/em_rtc.o
 .debug_info    0x00004ff7      0xe8e ./emlib/em_usart.o
 .debug_info    0x00005e85      0xb39 ./Graphics/dmd_display.o
 .debug_info    0x000069be      0xa5b ./Graphics/glib.o
 .debug_info    0x00007419      0x183 ./Graphics/glib_font_number_16x20.o
 .debug_info    0x0000759c      0x623 ./Graphics/glib_rectangle.o
 .debug_info    0x00007bbf      0x60c ./Graphics/glib_string.o
 .debug_info    0x000081cb      0x4a3 ./Drivers/display.o
 .debug_info    0x0000866e      0xa3e ./Drivers/displayls013b7dh03.o
 .debug_info    0x000090ac     0x1308 ./Drivers/displaypalemlib.o
 .debug_info    0x0000a3b4      0x8a9 ./Drivers/i2cdrv.o
 .debug_info    0x0000ac5d      0xeac ./Drivers/retargetio.o
 .debug_info    0x0000bb09      0xdbd ./Drivers/retargettextdisplay.o
 .debug_info    0x0000c8c6      0x55d ./Drivers/si1147_i2c.o
 .debug_info    0x0000ce23      0xb99 ./Drivers/si114x_algorithm.o
 .debug_info    0x0000d9bc      0xc6e ./Drivers/si114x_functions.o
 .debug_info    0x0000e62a      0xb9a ./Drivers/textdisplay.o
 .debug_info    0x0000f1c4      0xd2a ./Drivers/udelay.o
 .debug_info    0x0000feee       0xed ./CMSIS/efm32zg/startup_efm32zg.o
 .debug_info    0x0000ffdb      0x423 ./CMSIS/efm32zg/system_efm32zg.o

.debug_abbrev   0x00000000     0x39bf
 .debug_abbrev  0x00000000      0x3ab ./src/main.o
 .debug_abbrev  0x000003ab      0x39b ./emlib/em_cmu.o
 .debug_abbrev  0x00000746      0x201 ./emlib/em_emu.o
 .debug_abbrev  0x00000947      0x1eb ./emlib/em_gpio.o
 .debug_abbrev  0x00000b32      0x2c5 ./emlib/em_i2c.o
 .debug_abbrev  0x00000df7       0x42 ./emlib/em_int.o
 .debug_abbrev  0x00000e39      0x2c8 ./emlib/em_pcnt.o
 .debug_abbrev  0x00001101       0xe1 ./emlib/em_prs.o
 .debug_abbrev  0x000011e2      0x203 ./emlib/em_rtc.o
 .debug_abbrev  0x000013e5      0x22c ./emlib/em_usart.o
 .debug_abbrev  0x00001611      0x243 ./Graphics/dmd_display.o
 .debug_abbrev  0x00001854      0x25f ./Graphics/glib.o
 .debug_abbrev  0x00001ab3       0xa7 ./Graphics/glib_font_number_16x20.o
 .debug_abbrev  0x00001b5a      0x185 ./Graphics/glib_rectangle.o
 .debug_abbrev  0x00001cdf      0x157 ./Graphics/glib_string.o
 .debug_abbrev  0x00001e36      0x14f ./Drivers/display.o
 .debug_abbrev  0x00001f85      0x270 ./Drivers/displayls013b7dh03.o
 .debug_abbrev  0x000021f5      0x31a ./Drivers/displaypalemlib.o
 .debug_abbrev  0x0000250f      0x20b ./Drivers/i2cdrv.o
 .debug_abbrev  0x0000271a      0x2ea ./Drivers/retargetio.o
 .debug_abbrev  0x00002a04      0x231 ./Drivers/retargettextdisplay.o
 .debug_abbrev  0x00002c35      0x177 ./Drivers/si1147_i2c.o
 .debug_abbrev  0x00002dac      0x2bc ./Drivers/si114x_algorithm.o
 .debug_abbrev  0x00003068      0x25a ./Drivers/si114x_functions.o
 .debug_abbrev  0x000032c2      0x26c ./Drivers/textdisplay.o
 .debug_abbrev  0x0000352e      0x2f8 ./Drivers/udelay.o
 .debug_abbrev  0x00003826       0x14 ./CMSIS/efm32zg/startup_efm32zg.o
 .debug_abbrev  0x0000383a      0x185 ./CMSIS/efm32zg/system_efm32zg.o

.debug_loc      0x00000000     0x7e32
 .debug_loc     0x00000000      0x286 ./src/main.o
 .debug_loc     0x00000286     0x14cd ./emlib/em_cmu.o
 .debug_loc     0x00001753      0x142 ./emlib/em_emu.o
 .debug_loc     0x00001895      0x212 ./emlib/em_gpio.o
 .debug_loc     0x00001aa7      0x567 ./emlib/em_i2c.o
 .debug_loc     0x0000200e      0x62d ./emlib/em_pcnt.o
 .debug_loc     0x0000263b      0x121 ./emlib/em_prs.o
 .debug_loc     0x0000275c      0x17b ./emlib/em_rtc.o
 .debug_loc     0x000028d7      0x881 ./emlib/em_usart.o
 .debug_loc     0x00003158      0xc87 ./Graphics/dmd_display.o
 .debug_loc     0x00003ddf      0x7f8 ./Graphics/glib.o
 .debug_loc     0x000045d7      0x50a ./Graphics/glib_rectangle.o
 .debug_loc     0x00004ae1      0x436 ./Graphics/glib_string.o
 .debug_loc     0x00004f17      0x22a ./Drivers/display.o
 .debug_loc     0x00005141      0x5ae ./Drivers/displayls013b7dh03.o
 .debug_loc     0x000056ef      0x546 ./Drivers/displaypalemlib.o
 .debug_loc     0x00005c35       0xe2 ./Drivers/i2cdrv.o
 .debug_loc     0x00005d17      0x2b8 ./Drivers/retargetio.o
 .debug_loc     0x00005fcf      0x11d ./Drivers/retargettextdisplay.o
 .debug_loc     0x000060ec      0x340 ./Drivers/si1147_i2c.o
 .debug_loc     0x0000642c      0x5bb ./Drivers/si114x_algorithm.o
 .debug_loc     0x000069e7      0x7d4 ./Drivers/si114x_functions.o
 .debug_loc     0x000071bb      0x8dc ./Drivers/textdisplay.o
 .debug_loc     0x00007a97      0x27f ./Drivers/udelay.o
 .debug_loc     0x00007d16      0x11c ./CMSIS/efm32zg/system_efm32zg.o

.debug_aranges  0x00000000      0x960
 .debug_aranges
                0x00000000       0x60 ./src/main.o
 .debug_aranges
                0x00000060       0xf0 ./emlib/em_cmu.o
 .debug_aranges
                0x00000150       0x48 ./emlib/em_emu.o
 .debug_aranges
                0x00000198       0x38 ./emlib/em_gpio.o
 .debug_aranges
                0x000001d0       0x50 ./emlib/em_i2c.o
 .debug_aranges
                0x00000220       0x18 ./emlib/em_int.o
 .debug_aranges
                0x00000238       0x68 ./emlib/em_pcnt.o
 .debug_aranges
                0x000002a0       0x28 ./emlib/em_prs.o
 .debug_aranges
                0x000002c8       0x50 ./emlib/em_rtc.o
 .debug_aranges
                0x00000318       0xb8 ./emlib/em_usart.o
 .debug_aranges
                0x000003d0       0x88 ./Graphics/dmd_display.o
 .debug_aranges
                0x00000458       0x78 ./Graphics/glib.o
 .debug_aranges
                0x000004d0       0x18 ./Graphics/glib_font_number_16x20.o
 .debug_aranges
                0x000004e8       0x38 ./Graphics/glib_rectangle.o
 .debug_aranges
                0x00000520       0x30 ./Graphics/glib_string.o
 .debug_aranges
                0x00000550       0x38 ./Drivers/display.o
 .debug_aranges
                0x00000588       0x60 ./Drivers/displayls013b7dh03.o
 .debug_aranges
                0x000005e8       0x80 ./Drivers/displaypalemlib.o
 .debug_aranges
                0x00000668       0x28 ./Drivers/i2cdrv.o
 .debug_aranges
                0x00000690       0x68 ./Drivers/retargetio.o
 .debug_aranges
                0x000006f8       0x38 ./Drivers/retargettextdisplay.o
 .debug_aranges
                0x00000730       0x38 ./Drivers/si1147_i2c.o
 .debug_aranges
                0x00000768       0x48 ./Drivers/si114x_algorithm.o
 .debug_aranges
                0x000007b0       0xa0 ./Drivers/si114x_functions.o
 .debug_aranges
                0x00000850       0x68 ./Drivers/textdisplay.o
 .debug_aranges
                0x000008b8       0x28 ./Drivers/udelay.o
 .debug_aranges
                0x000008e0       0x20 ./CMSIS/efm32zg/startup_efm32zg.o
 .debug_aranges
                0x00000900       0x60 ./CMSIS/efm32zg/system_efm32zg.o

.debug_ranges   0x00000000      0xbc8
 .debug_ranges  0x00000000       0x98 ./src/main.o
 .debug_ranges  0x00000098      0x220 ./emlib/em_cmu.o
 .debug_ranges  0x000002b8       0x68 ./emlib/em_emu.o
 .debug_ranges  0x00000320       0x88 ./emlib/em_gpio.o
 .debug_ranges  0x000003a8       0x80 ./emlib/em_i2c.o
 .debug_ranges  0x00000428      0x170 ./emlib/em_pcnt.o
 .debug_ranges  0x00000598       0x18 ./emlib/em_prs.o
 .debug_ranges  0x000005b0       0x70 ./emlib/em_rtc.o
 .debug_ranges  0x00000620       0xa8 ./emlib/em_usart.o
 .debug_ranges  0x000006c8       0x78 ./Graphics/dmd_display.o
 .debug_ranges  0x00000740       0x80 ./Graphics/glib.o
 .debug_ranges  0x000007c0       0x28 ./Graphics/glib_rectangle.o
 .debug_ranges  0x000007e8       0x20 ./Graphics/glib_string.o
 .debug_ranges  0x00000808       0x28 ./Drivers/display.o
 .debug_ranges  0x00000830       0x50 ./Drivers/displayls013b7dh03.o
 .debug_ranges  0x00000880       0xb8 ./Drivers/displaypalemlib.o
 .debug_ranges  0x00000938       0x18 ./Drivers/i2cdrv.o
 .debug_ranges  0x00000950       0x58 ./Drivers/retargetio.o
 .debug_ranges  0x000009a8       0x28 ./Drivers/retargettextdisplay.o
 .debug_ranges  0x000009d0       0x28 ./Drivers/si1147_i2c.o
 .debug_ranges  0x000009f8       0x80 ./Drivers/si114x_algorithm.o
 .debug_ranges  0x00000a78       0x90 ./Drivers/si114x_functions.o
 .debug_ranges  0x00000b08       0x58 ./Drivers/textdisplay.o
 .debug_ranges  0x00000b60       0x18 ./Drivers/udelay.o
 .debug_ranges  0x00000b78       0x50 ./CMSIS/efm32zg/system_efm32zg.o

.debug_line     0x00000000     0x5c4c
 .debug_line    0x00000000      0x718 ./src/main.o
 .debug_line    0x00000718      0x6ed ./emlib/em_cmu.o
 .debug_line    0x00000e05      0x373 ./emlib/em_emu.o
 .debug_line    0x00001178      0x287 ./emlib/em_gpio.o
 .debug_line    0x000013ff      0x359 ./emlib/em_i2c.o
 .debug_line    0x00001758      0x10a ./emlib/em_int.o
 .debug_line    0x00001862      0x3a9 ./emlib/em_pcnt.o
 .debug_line    0x00001c0b      0x209 ./emlib/em_prs.o
 .debug_line    0x00001e14      0x29d ./emlib/em_rtc.o
 .debug_line    0x000020b1      0x44d ./emlib/em_usart.o
 .debug_line    0x000024fe      0x58b ./Graphics/dmd_display.o
 .debug_line    0x00002a89      0x330 ./Graphics/glib.o
 .debug_line    0x00002db9      0x12c ./Graphics/glib_font_number_16x20.o
 .debug_line    0x00002ee5      0x25b ./Graphics/glib_rectangle.o
 .debug_line    0x00003140      0x32a ./Graphics/glib_string.o
 .debug_line    0x0000346a      0x286 ./Drivers/display.o
 .debug_line    0x000036f0      0x37a ./Drivers/displayls013b7dh03.o
 .debug_line    0x00003a6a      0x477 ./Drivers/displaypalemlib.o
 .debug_line    0x00003ee1      0x21d ./Drivers/i2cdrv.o
 .debug_line    0x000040fe      0x3cd ./Drivers/retargetio.o
 .debug_line    0x000044cb      0x331 ./Drivers/retargettextdisplay.o
 .debug_line    0x000047fc      0x296 ./Drivers/si1147_i2c.o
 .debug_line    0x00004a92      0x339 ./Drivers/si114x_algorithm.o
 .debug_line    0x00004dcb      0x34a ./Drivers/si114x_functions.o
 .debug_line    0x00005115      0x47a ./Drivers/textdisplay.o
 .debug_line    0x0000558f      0x382 ./Drivers/udelay.o
 .debug_line    0x00005911       0xd1 ./CMSIS/efm32zg/startup_efm32zg.o
 .debug_line    0x000059e2      0x26a ./CMSIS/efm32zg/system_efm32zg.o

.debug_str      0x00000000     0x400f
 .debug_str     0x00000000      0xec2 ./src/main.o
                                0xffb (size before relaxing)
 .debug_str     0x00000ec2      0x611 ./emlib/em_cmu.o
                                0xa6f (size before relaxing)
 .debug_str     0x000014d3      0x108 ./emlib/em_emu.o
                                0x363 (size before relaxing)
 .debug_str     0x000015db       0xf9 ./emlib/em_gpio.o
                                0x4ba (size before relaxing)
 .debug_str     0x000016d4      0x25c ./emlib/em_i2c.o
                                0x63d (size before relaxing)
 .debug_str     0x00001930       0x5a ./emlib/em_int.o
                                0x157 (size before relaxing)
 .debug_str     0x0000198a       0xe8 ./emlib/em_pcnt.o
                                0x434 (size before relaxing)
 .debug_str     0x00001a72       0xf7 ./emlib/em_prs.o
                                0x209 (size before relaxing)
 .debug_str     0x00001b69       0xf4 ./emlib/em_rtc.o
                                0x236 (size before relaxing)
 .debug_str     0x00001c5d      0x860 ./emlib/em_usart.o
                                0xb45 (size before relaxing)
 .debug_str     0x000024bd      0x429 ./Graphics/dmd_display.o
                                0x5ee (size before relaxing)
 .debug_str     0x000028e6      0x181 ./Graphics/glib.o
                                0x504 (size before relaxing)
 .debug_str     0x00002a67       0x81 ./Graphics/glib_font_number_16x20.o
                                0x252 (size before relaxing)
 .debug_str     0x00002ae8       0xc3 ./Graphics/glib_rectangle.o
                                0x41e (size before relaxing)
 .debug_str     0x00002bab       0xdf ./Graphics/glib_string.o
                                0x41e (size before relaxing)
 .debug_str     0x00002c8a      0x121 ./Drivers/display.o
                                0x3ed (size before relaxing)
 .debug_str     0x00002dab      0x1b9 ./Drivers/displayls013b7dh03.o
                                0x54d (size before relaxing)
 .debug_str     0x00002f64      0x139 ./Drivers/displaypalemlib.o
                                0xd2d (size before relaxing)
 .debug_str     0x0000309d       0x2c ./Drivers/i2cdrv.o
                                0x76a (size before relaxing)
 .debug_str     0x000030c9      0x557 ./Drivers/retargetio.o
                                0x725 (size before relaxing)
 .debug_str     0x00003620      0x13d ./Drivers/retargettextdisplay.o
                                0x838 (size before relaxing)
 .debug_str     0x0000375d       0x9e ./Drivers/si1147_i2c.o
                                0x32c (size before relaxing)
 .debug_str     0x000037fb      0x23d ./Drivers/si114x_algorithm.o
                                0x44e (size before relaxing)
 .debug_str     0x00003a38       0xf5 ./Drivers/si114x_functions.o
                                0x3f6 (size before relaxing)
 .debug_str     0x00003b2d      0x2aa ./Drivers/textdisplay.o
                                0x66d (size before relaxing)
 .debug_str     0x00003dd7      0x156 ./Drivers/udelay.o
                                0x86b (size before relaxing)
 .debug_str     0x00003f2d       0xe2 ./CMSIS/efm32zg/system_efm32zg.o
                                0x358 (size before relaxing)

.debug_frame    0x00000000     0x1e88
 .debug_frame   0x00000000       0xfc ./src/main.o
 .debug_frame   0x000000fc      0x27c ./emlib/em_cmu.o
 .debug_frame   0x00000378       0x90 ./emlib/em_emu.o
 .debug_frame   0x00000408       0x7c ./emlib/em_gpio.o
 .debug_frame   0x00000484       0xb8 ./emlib/em_i2c.o
 .debug_frame   0x0000053c      0x120 ./emlib/em_pcnt.o
 .debug_frame   0x0000065c       0x38 ./emlib/em_prs.o
 .debug_frame   0x00000694       0xa8 ./emlib/em_rtc.o
 .debug_frame   0x0000073c      0x210 ./emlib/em_usart.o
 .debug_frame   0x0000094c      0x180 ./Graphics/dmd_display.o
 .debug_frame   0x00000acc      0x15c ./Graphics/glib.o
 .debug_frame   0x00000c28       0x80 ./Graphics/glib_rectangle.o
 .debug_frame   0x00000ca8       0x68 ./Graphics/glib_string.o
 .debug_frame   0x00000d10       0x70 ./Drivers/display.o
 .debug_frame   0x00000d80      0x100 ./Drivers/displayls013b7dh03.o
 .debug_frame   0x00000e80      0x13c ./Drivers/displaypalemlib.o
 .debug_frame   0x00000fbc       0x40 ./Drivers/i2cdrv.o
 .debug_frame   0x00000ffc       0xe0 ./Drivers/retargetio.o
 .debug_frame   0x000010dc       0x6c ./Drivers/retargettextdisplay.o
 .debug_frame   0x00001148       0x7c ./Drivers/si1147_i2c.o
 .debug_frame   0x000011c4       0xbc ./Drivers/si114x_algorithm.o
 .debug_frame   0x00001280      0x1d0 ./Drivers/si114x_functions.o
 .debug_frame   0x00001450      0x12c ./Drivers/textdisplay.o
 .debug_frame   0x0000157c       0x40 ./Drivers/udelay.o
 .debug_frame   0x000015bc       0xc0 ./CMSIS/efm32zg/system_efm32zg.o
 .debug_frame   0x0000167c       0x20 c:/siliconlabs/simplicitystudio/v2/developer/toolchains/gnu_arm/4.7_2013q1/bin/../lib/gcc/arm-none-eabi/4.7.3/armv6-m\libgcc.a(_udivsi3.o)
 .debug_frame   0x0000169c       0x20 c:/siliconlabs/simplicitystudio/v2/developer/toolchains/gnu_arm/4.7_2013q1/bin/../lib/gcc/arm-none-eabi/4.7.3/armv6-m\libgcc.a(_divsi3.o)
 .debug_frame   0x000016bc       0x28 c:/siliconlabs/simplicitystudio/v2/developer/toolchains/gnu_arm/4.7_2013q1/bin/../lib/gcc/arm-none-eabi/4.7.3/../../../../arm-none-eabi/lib/armv6-m\libc_s.a(lib_a-__atexit2.o)
 .debug_frame   0x000016e4       0x28 c:/siliconlabs/simplicitystudio/v2/developer/toolchains/gnu_arm/4.7_2013q1/bin/../lib/gcc/arm-none-eabi/4.7.3/../../../../arm-none-eabi/lib/armv6-m\libc_s.a(lib_a-exit.o)
 .debug_frame   0x0000170c       0x2c c:/siliconlabs/simplicitystudio/v2/developer/toolchains/gnu_arm/4.7_2013q1/bin/../lib/gcc/arm-none-eabi/4.7.3/../../../../arm-none-eabi/lib/armv6-m\libc_s.a(lib_a-fileno.o)
 .debug_frame   0x00001738      0x148 c:/siliconlabs/simplicitystudio/v2/developer/toolchains/gnu_arm/4.7_2013q1/bin/../lib/gcc/arm-none-eabi/4.7.3/../../../../arm-none-eabi/lib/armv6-m\libc_s.a(lib_a-findfp.o)
 .debug_frame   0x00001880       0x2c c:/siliconlabs/simplicitystudio/v2/developer/toolchains/gnu_arm/4.7_2013q1/bin/../lib/gcc/arm-none-eabi/4.7.3/../../../../arm-none-eabi/lib/armv6-m\libc_s.a(lib_a-fini.o)
 .debug_frame   0x000018ac       0x2c c:/siliconlabs/simplicitystudio/v2/developer/toolchains/gnu_arm/4.7_2013q1/bin/../lib/gcc/arm-none-eabi/4.7.3/../../../../arm-none-eabi/lib/armv6-m\libc_s.a(lib_a-init.o)
 .debug_frame   0x000018d8       0x2c c:/siliconlabs/simplicitystudio/v2/developer/toolchains/gnu_arm/4.7_2013q1/bin/../lib/gcc/arm-none-eabi/4.7.3/../../../../arm-none-eabi/lib/armv6-m\libc_s.a(lib_a-lcltime.o)
 .debug_frame   0x00001904       0x28 c:/siliconlabs/simplicitystudio/v2/developer/toolchains/gnu_arm/4.7_2013q1/bin/../lib/gcc/arm-none-eabi/4.7.3/../../../../arm-none-eabi/lib/armv6-m\libc_s.a(lib_a-lcltime_r.o)
 .debug_frame   0x0000192c       0x40 c:/siliconlabs/simplicitystudio/v2/developer/toolchains/gnu_arm/4.7_2013q1/bin/../lib/gcc/arm-none-eabi/4.7.3/../../../../arm-none-eabi/lib/armv6-m\libc_s.a(lib_a-malloc.o)
 .debug_frame   0x0000196c       0x2c c:/siliconlabs/simplicitystudio/v2/developer/toolchains/gnu_arm/4.7_2013q1/bin/../lib/gcc/arm-none-eabi/4.7.3/../../../../arm-none-eabi/lib/armv6-m\libc_s.a(lib_a-mallocr.o)
 .debug_frame   0x00001998       0x28 c:/siliconlabs/simplicitystudio/v2/developer/toolchains/gnu_arm/4.7_2013q1/bin/../lib/gcc/arm-none-eabi/4.7.3/../../../../arm-none-eabi/lib/armv6-m\libc_s.a(lib_a-memcpy.o)
 .debug_frame   0x000019c0       0x28 c:/siliconlabs/simplicitystudio/v2/developer/toolchains/gnu_arm/4.7_2013q1/bin/../lib/gcc/arm-none-eabi/4.7.3/../../../../arm-none-eabi/lib/armv6-m\libc_s.a(lib_a-memset.o)
 .debug_frame   0x000019e8       0x50 c:/siliconlabs/simplicitystudio/v2/developer/toolchains/gnu_arm/4.7_2013q1/bin/../lib/gcc/arm-none-eabi/4.7.3/../../../../arm-none-eabi/lib/armv6-m\libc_s.a(lib_a-mktm_r.o)
 .debug_frame   0x00001a38       0x2c c:/siliconlabs/simplicitystudio/v2/developer/toolchains/gnu_arm/4.7_2013q1/bin/../lib/gcc/arm-none-eabi/4.7.3/../../../../arm-none-eabi/lib/armv6-m\libc_s.a(lib_a-sbrkr.o)
 .debug_frame   0x00001a64       0x4c c:/siliconlabs/simplicitystudio/v2/developer/toolchains/gnu_arm/4.7_2013q1/bin/../lib/gcc/arm-none-eabi/4.7.3/../../../../arm-none-eabi/lib/armv6-m\libc_s.a(lib_a-sprintf.o)
 .debug_frame   0x00001ab0       0x90 c:/siliconlabs/simplicitystudio/v2/developer/toolchains/gnu_arm/4.7_2013q1/bin/../lib/gcc/arm-none-eabi/4.7.3/../../../../arm-none-eabi/lib/armv6-m\libc_s.a(lib_a-stdio.o)
 .debug_frame   0x00001b40       0x20 c:/siliconlabs/simplicitystudio/v2/developer/toolchains/gnu_arm/4.7_2013q1/bin/../lib/gcc/arm-none-eabi/4.7.3/../../../../arm-none-eabi/lib/armv6-m\libc_s.a(lib_a-strlen.o)
 .debug_frame   0x00001b60       0x78 c:/siliconlabs/simplicitystudio/v2/developer/toolchains/gnu_arm/4.7_2013q1/bin/../lib/gcc/arm-none-eabi/4.7.3/../../../../arm-none-eabi/lib/armv6-m\libc_s.a(lib_a-svfprintf.o)
 .debug_frame   0x00001bd8       0x30 c:/siliconlabs/simplicitystudio/v2/developer/toolchains/gnu_arm/4.7_2013q1/bin/../lib/gcc/arm-none-eabi/4.7.3/../../../../arm-none-eabi/lib/armv6-m\libc_s.a(lib_a-tzlock.o)
 .debug_frame   0x00001c08       0x54 c:/siliconlabs/simplicitystudio/v2/developer/toolchains/gnu_arm/4.7_2013q1/bin/../lib/gcc/arm-none-eabi/4.7.3/../../../../arm-none-eabi/lib/armv6-m\libc_s.a(lib_a-vfprintf_i.o)
 .debug_frame   0x00001c5c       0x2c c:/siliconlabs/simplicitystudio/v2/developer/toolchains/gnu_arm/4.7_2013q1/bin/../lib/gcc/arm-none-eabi/4.7.3/../../../../arm-none-eabi/lib/armv6-m\libc_s.a(lib_a-writer.o)
 .debug_frame   0x00001c88       0x2c c:/siliconlabs/simplicitystudio/v2/developer/toolchains/gnu_arm/4.7_2013q1/bin/../lib/gcc/arm-none-eabi/4.7.3/../../../../arm-none-eabi/lib/armv6-m\libc_s.a(lib_a-closer.o)
 .debug_frame   0x00001cb4       0x4c c:/siliconlabs/simplicitystudio/v2/developer/toolchains/gnu_arm/4.7_2013q1/bin/../lib/gcc/arm-none-eabi/4.7.3/../../../../arm-none-eabi/lib/armv6-m\libc_s.a(lib_a-fflush.o)
 .debug_frame   0x00001d00       0x2c c:/siliconlabs/simplicitystudio/v2/developer/toolchains/gnu_arm/4.7_2013q1/bin/../lib/gcc/arm-none-eabi/4.7.3/../../../../arm-none-eabi/lib/armv6-m\libc_s.a(lib_a-freer.o)
 .debug_frame   0x00001d2c       0x20 c:/siliconlabs/simplicitystudio/v2/developer/toolchains/gnu_arm/4.7_2013q1/bin/../lib/gcc/arm-none-eabi/4.7.3/../../../../arm-none-eabi/lib/armv6-m\libc_s.a(lib_a-gettzinfo.o)
 .debug_frame   0x00001d4c       0x2c c:/siliconlabs/simplicitystudio/v2/developer/toolchains/gnu_arm/4.7_2013q1/bin/../lib/gcc/arm-none-eabi/4.7.3/../../../../arm-none-eabi/lib/armv6-m\libc_s.a(lib_a-lseekr.o)
 .debug_frame   0x00001d78       0x28 c:/siliconlabs/simplicitystudio/v2/developer/toolchains/gnu_arm/4.7_2013q1/bin/../lib/gcc/arm-none-eabi/4.7.3/../../../../arm-none-eabi/lib/armv6-m\libc_s.a(lib_a-memchr.o)
 .debug_frame   0x00001da0       0x2c c:/siliconlabs/simplicitystudio/v2/developer/toolchains/gnu_arm/4.7_2013q1/bin/../lib/gcc/arm-none-eabi/4.7.3/../../../../arm-none-eabi/lib/armv6-m\libc_s.a(lib_a-readr.o)
 .debug_frame   0x00001dcc       0x30 c:/siliconlabs/simplicitystudio/v2/developer/toolchains/gnu_arm/4.7_2013q1/bin/../lib/gcc/arm-none-eabi/4.7.3/../../../../arm-none-eabi/lib/armv6-m\libc_s.a(lib_a-reallocr.o)
 .debug_frame   0x00001dfc       0x64 c:/siliconlabs/simplicitystudio/v2/developer/toolchains/gnu_arm/4.7_2013q1/bin/../lib/gcc/arm-none-eabi/4.7.3/../../../../arm-none-eabi/lib/armv6-m\libc_s.a(lib_a-reent.o)
 .debug_frame   0x00001e60       0x28 c:/siliconlabs/simplicitystudio/v2/developer/toolchains/gnu_arm/4.7_2013q1/bin/../lib/gcc/arm-none-eabi/4.7.3/../../../../arm-none-eabi/lib/armv6-m\libc_s.a(lib_a-msizer.o)
